Archive member included to satisfy reference by file (symbol)

/usr/lib/gcc/arm-none-eabi/13.2.1/../../../arm-none-eabi/lib/thumb/v8-m.main+fp/softfp/libm.a(libm_a-wf_sqrt.o)
                              CMakeFiles/hello_world.dir/pico-sdk/src/rp2_common/pico_float/float_math.c.o (sqrtf)
/usr/lib/gcc/arm-none-eabi/13.2.1/../../../arm-none-eabi/lib/thumb/v8-m.main+fp/softfp/libm.a(libm_a-ef_sqrt.o)
                              /usr/lib/gcc/arm-none-eabi/13.2.1/../../../arm-none-eabi/lib/thumb/v8-m.main+fp/softfp/libm.a(libm_a-wf_sqrt.o) (__ieee754_sqrtf)
/usr/lib/gcc/arm-none-eabi/13.2.1/thumb/v8-m.main+fp/softfp/libgcc.a(_arm_addsubdf3.o)
                              CMakeFiles/hello_world.dir/hello_world.c.o (__aeabi_f2d)
/usr/lib/gcc/arm-none-eabi/13.2.1/thumb/v8-m.main+fp/softfp/libgcc.a(_aeabi_ldivmod.o)
                              CMakeFiles/hello_world.dir/pico-sdk/src/common/pico_time/time.c.o (__aeabi_ldivmod)
/usr/lib/gcc/arm-none-eabi/13.2.1/thumb/v8-m.main+fp/softfp/libgcc.a(_aeabi_uldivmod.o)
                              CMakeFiles/hello_world.dir/pico-sdk/src/rp2_common/hardware_clocks/clocks.c.o (__aeabi_uldivmod)
/usr/lib/gcc/arm-none-eabi/13.2.1/thumb/v8-m.main+fp/softfp/libgcc.a(_udivmoddi4.o)
                              /usr/lib/gcc/arm-none-eabi/13.2.1/thumb/v8-m.main+fp/softfp/libgcc.a(_aeabi_ldivmod.o) (__udivmoddi4)
/usr/lib/gcc/arm-none-eabi/13.2.1/thumb/v8-m.main+fp/softfp/libgcc.a(_dvmd_tls.o)
                              /usr/lib/gcc/arm-none-eabi/13.2.1/thumb/v8-m.main+fp/softfp/libgcc.a(_aeabi_ldivmod.o) (__aeabi_ldiv0)
/usr/lib/gcc/arm-none-eabi/13.2.1/../../../arm-none-eabi/lib/thumb/v8-m.main+fp/softfp/libg.a(libc_a-memset.o)
                              /usr/lib/gcc/arm-none-eabi/13.2.1/../../../arm-none-eabi/lib/thumb/v8-m.main+fp/softfp/crt0.o (memset)
/usr/lib/gcc/arm-none-eabi/13.2.1/../../../arm-none-eabi/lib/thumb/v8-m.main+fp/softfp/libg.a(libc_a-strncasecmp.o)
                              CMakeFiles/hello_world.dir/pico-sdk/lib/pico-sensor-lib/src/i2c.c.o (strncasecmp)
/usr/lib/gcc/arm-none-eabi/13.2.1/../../../arm-none-eabi/lib/thumb/v8-m.main+fp/softfp/libg.a(libc_a-calloc.o)
                              CMakeFiles/hello_world.dir/pico-sdk/src/rp2_common/pico_malloc/malloc.c.o (calloc)
/usr/lib/gcc/arm-none-eabi/13.2.1/../../../arm-none-eabi/lib/thumb/v8-m.main+fp/softfp/libg.a(libc_a-errno.o)
                              /usr/lib/gcc/arm-none-eabi/13.2.1/../../../arm-none-eabi/lib/thumb/v8-m.main+fp/softfp/libm.a(libm_a-wf_sqrt.o) (__errno)
/usr/lib/gcc/arm-none-eabi/13.2.1/../../../arm-none-eabi/lib/thumb/v8-m.main+fp/softfp/libg.a(libc_a-impure.o)
                              /usr/lib/gcc/arm-none-eabi/13.2.1/../../../arm-none-eabi/lib/thumb/v8-m.main+fp/softfp/libg.a(libc_a-calloc.o) (_impure_ptr)
/usr/lib/gcc/arm-none-eabi/13.2.1/../../../arm-none-eabi/lib/thumb/v8-m.main+fp/softfp/libg.a(libc_a-callocr.o)
                              /usr/lib/gcc/arm-none-eabi/13.2.1/../../../arm-none-eabi/lib/thumb/v8-m.main+fp/softfp/libg.a(libc_a-calloc.o) (_calloc_r)
/usr/lib/gcc/arm-none-eabi/13.2.1/../../../arm-none-eabi/lib/thumb/v8-m.main+fp/softfp/libg.a(libc_a-realloc.o)
                              CMakeFiles/hello_world.dir/pico-sdk/src/rp2_common/pico_malloc/malloc.c.o (realloc)
/usr/lib/gcc/arm-none-eabi/13.2.1/../../../arm-none-eabi/lib/thumb/v8-m.main+fp/softfp/libg.a(libc_a-mallocr.o)
                              /usr/lib/gcc/arm-none-eabi/13.2.1/../../../arm-none-eabi/lib/thumb/v8-m.main+fp/softfp/libg.a(libc_a-callocr.o) (_malloc_r)
/usr/lib/gcc/arm-none-eabi/13.2.1/../../../arm-none-eabi/lib/thumb/v8-m.main+fp/softfp/libg.a(libc_a-freer.o)
                              /usr/lib/gcc/arm-none-eabi/13.2.1/../../../arm-none-eabi/lib/thumb/v8-m.main+fp/softfp/libg.a(libc_a-mallocr.o) (_free_r)
/usr/lib/gcc/arm-none-eabi/13.2.1/../../../arm-none-eabi/lib/thumb/v8-m.main+fp/softfp/libg.a(libc_a-memcmp.o)
                              CMakeFiles/hello_world.dir/pico-sdk/src/rp2_common/pico_atomic/atomic.c.o (memcmp)
/usr/lib/gcc/arm-none-eabi/13.2.1/../../../arm-none-eabi/lib/thumb/v8-m.main+fp/softfp/libg.a(libc_a-malloc.o)
                              CMakeFiles/hello_world.dir/pico-sdk/src/rp2_common/pico_malloc/malloc.c.o (malloc)
/usr/lib/gcc/arm-none-eabi/13.2.1/../../../arm-none-eabi/lib/thumb/v8-m.main+fp/softfp/libg.a(libc_a-memcpy.o)
                              CMakeFiles/hello_world.dir/pico-sdk/src/common/pico_util/queue.c.o (memcpy)
/usr/lib/gcc/arm-none-eabi/13.2.1/../../../arm-none-eabi/lib/thumb/v8-m.main+fp/softfp/libg.a(libc_a-sysconf.o)
                              /usr/lib/gcc/arm-none-eabi/13.2.1/../../../arm-none-eabi/lib/thumb/v8-m.main+fp/softfp/libg.a(libc_a-mallocr.o) (sysconf)
/usr/lib/gcc/arm-none-eabi/13.2.1/../../../arm-none-eabi/lib/thumb/v8-m.main+fp/softfp/libg.a(libc_a-init.o)
[...]
Memory Configuration

Name             Origin             Length             Attributes
FLASH            0x10000000         0x00400000         xr
RAM              0x20000000         0x00080000         xrw
SCRATCH_X        0x20080000         0x00001000         xrw
SCRATCH_Y        0x20081000         0x00001000         xrw
*default*        0x00000000         0xffffffff

Linker script and memory map

LOAD /usr/lib/gcc/arm-none-eabi/13.2.1/thumb/v8-m.main+fp/softfp/crti.o
LOAD /usr/lib/gcc/arm-none-eabi/13.2.1/thumb/v8-m.main+fp/softfp/crtbegin.o
LOAD /usr/lib/gcc/arm-none-eabi/13.2.1/../../../arm-none-eabi/lib/thumb/v8-m.main+fp/softfp/crt0.o

.flash_begin    0x10000000        0x0
                0x10000000                        __flash_binary_start = .

.text           0x10000000     0x8560
                0x10000000                        __logical_binary_start = .
 *(.vectors)
 .vectors       0x10000000      0x124 CMakeFiles/hello_world.dir/pico-sdk/src/rp2_common/pico_crt0/crt0.S.o
                0x10000000                __vectors
                0x10000000                __VECTOR_TABLE
                0x10000110                isr_securefault
                0x10000110                isr_irq30
                0x10000110                __unhandled_user_irq
                0x10000110                isr_irq49
                0x10000110                isr_irq13
                0x10000110                isr_irq43
                0x10000110                isr_irq45
                0x10000110                isr_irq27
                0x10000110                isr_irq32
                0x10000110                isr_irq31
                0x10000110                isr_irq5
                0x10000110                isr_irq11
                0x10000110                isr_irq23
                0x10000110                isr_usagefault
                0x10000110                isr_irq48
                0x10000110                isr_irq35
                0x10000110                isr_irq18
                0x10000110                isr_irq50
                0x10000110                isr_irq40
                0x10000110                isr_irq28
                0x10000110                isr_irq19
                0x10000110                isr_irq36
                0x10000110                isr_irq41
                0x10000110                isr_irq0
                0x10000110                isr_irq6
                0x10000110                isr_memmanage
                0x10000110                isr_irq37
                0x10000110                isr_irq42
                0x10000110                isr_irq22
                0x10000110                isr_irq17
                0x10000110                isr_irq38
                0x10000110                isr_irq14
                0x10000110                __vectors_end
                0x10000110                __default_isrs_start
                0x10000110                isr_irq2
                0x10000110                isr_irq10
                0x10000110                isr_irq8
                0x10000110                isr_debugmonitor
                0x10000110                isr_irq24
                0x10000110                isr_irq46
                0x10000110                isr_irq1
                0x10000110                isr_irq47
                0x10000110                isr_irq51
                0x10000110                isr_irq7
                0x10000110                isr_irq21
                0x10000110                isr_irq39
                0x10000110                isr_irq20
                0x10000110                isr_irq15
                0x10000110                isr_irq25
                0x10000110                isr_irq34
                0x10000110                isr_irq4
                0x10000110                isr_busfault
                0x10000110                isr_irq16
                0x10000110                isr_irq44
                0x10000110                isr_irq29
                0x10000110                isr_irq26
                0x10000110                isr_irq33
                0x10000110                isr_irq3
                0x10000110                isr_irq12
                0x10000110                isr_irq9
                0x10000116                unhandled_user_irq_num_in_r0
                0x10000118                isr_invalid
                0x1000011a                isr_nmi
                0x1000011c                isr_hardfault
                0x1000011e                isr_svcall
                0x10000120                isr_pendsv
                0x10000122                isr_systick
                0x10000124                __default_isrs_end
 *(.binary_info_header)
 .binary_info_header
                0x10000124       0x14 CMakeFiles/hello_world.dir/pico-sdk/src/rp2_common/pico_crt0/crt0.S.o
                0x10000138                        __binary_info_header_end = .
 *(.embedded_block)
 .embedded_block
                0x10000138       0x14 CMakeFiles/hello_world.dir/pico-sdk/src/rp2_common/pico_crt0/crt0.S.o
                0x1000014c                        __embedded_block_end = .
 *(.reset)
 .reset         0x1000014c       0x98 CMakeFiles/hello_world.dir/pico-sdk/src/rp2_common/pico_crt0/crt0.S.o
                0x1000014c                _entry_point
 *(.init)
 .init          0x100001e4        0x4 /usr/lib/gcc/arm-none-eabi/13.2.1/thumb/v8-m.main+fp/softfp/crti.o
                0x100001e4                _init
 *libgcc.a:cmse_nonsecure_call.o()
 *(EXCLUDE_FILE(*libm.a: *libc.a:*lib_a-mem*.o *libgcc.a:) .text*)
 .text          0x100001e8       0x8c /usr/lib/gcc/arm-none-eabi/13.2.1/thumb/v8-m.main+fp/softfp/crtbegin.o
 .text.startup.main
                0x10000274       0xcc CMakeFiles/hello_world.dir/hello_world.c.o
                0x10000274                main
 .text.setup_default_uart
                0x10000340        0x4 CMakeFiles/hello_world.dir/pico-sdk/src/rp2_common/pico_stdlib/stdlib.c.o
                0x10000340                setup_default_uart
 .text.gpio_set_function
                0x10000344       0x3c CMakeFiles/hello_world.dir/pico-sdk/src/rp2_common/hardware_gpio/gpio.c.o
                0x10000344                gpio_set_function
 .text.panic    0x10000380       0x30 CMakeFiles/hello_world.dir/pico-sdk/src/rp2_common/pico_platform_panic/panic.c.o
                0x10000380                panic
 .text.hw_claim_or_assert
                0x100003b0       0x58 CMakeFiles/hello_world.dir/pico-sdk/src/common/hardware_claim/claim.c.o
                0x100003b0                hw_claim_or_assert
 .text.next_striped_spin_lock_num
                0x10000408       0x18 CMakeFiles/hello_world.dir/pico-sdk/src/rp2_common/hardware_sync/sync.c.o
                0x10000408                next_striped_spin_lock_num
 .text.spinlock_set_extexclall
                0x10000420       0x10 CMakeFiles/hello_world.dir/pico-sdk/src/rp2_common/hardware_sync_spin_lock/sync_spin_lock.c.o
 .text.spin_locks_reset
                0x10000430       0x18 CMakeFiles/hello_world.dir/pico-sdk/src/rp2_common/hardware_sync_spin_lock/sync_spin_lock.c.o
                0x10000430                spin_locks_reset
 .text.runtime_init_per_core_irq_priorities
                0x10000448       0x40 CMakeFiles/hello_world.dir/pico-sdk/src/rp2_common/hardware_irq/irq.c.o
                0x10000448                runtime_init_per_core_irq_priorities
 .text.irq_set_enabled
                0x10000488       0x2c CMakeFiles/hello_world.dir/pico-sdk/src/rp2_common/hardware_irq/irq.c.o
                0x10000488                irq_set_enabled
 .text.irq_set_exclusive_handler
                0x100004b4       0x60 CMakeFiles/hello_world.dir/pico-sdk/src/rp2_common/hardware_irq/irq.c.o
                0x100004b4                irq_set_exclusive_handler
 .text.irq_remove_handler
                0x10000514      0x1fc CMakeFiles/hello_world.dir/pico-sdk/src/rp2_common/hardware_irq/irq.c.o
                0x10000514                irq_remove_handler
 .text.irq_add_tail_to_free_list
                0x10000710       0xbc CMakeFiles/hello_world.dir/pico-sdk/src/rp2_common/hardware_irq/irq.c.o
                0x10000710                irq_add_tail_to_free_list
 .text.lock_init
                0x100007cc        0xc CMakeFiles/hello_world.dir/pico-sdk/src/common/pico_sync/lock_core.c.o
                0x100007cc                lock_init
 .text.runtime_init_mutex
                0x100007d8       0x4c CMakeFiles/hello_world.dir/pico-sdk/src/common/pico_sync/mutex.c.o
                0x100007d8                runtime_init_mutex
 .text.sleep_until_callback
                0x10000824       0x3c CMakeFiles/hello_world.dir/pico-sdk/src/common/pico_time/time.c.o
 .text.alarm_pool_irq_handler
                0x10000860      0x2f0 CMakeFiles/hello_world.dir/pico-sdk/src/common/pico_time/time.c.o
 .text.runtime_init_default_alarm_pool
                0x10000b50      0x100 CMakeFiles/hello_world.dir/pico-sdk/src/common/pico_time/time.c.o
                0x10000b50                runtime_init_default_alarm_pool
 .text.alarm_pool_add_alarm_at_force_in_context
                0x10000c50       0xc8 CMakeFiles/hello_world.dir/pico-sdk/src/common/pico_time/time.c.o
                0x10000c50                alarm_pool_add_alarm_at_force_in_context
 .text.alarm_pool_cancel_alarm
                0x10000d18       0x80 CMakeFiles/hello_world.dir/pico-sdk/src/common/pico_time/time.c.o
                0x10000d18                alarm_pool_cancel_alarm
 .text.sleep_until
                0x10000d98       0xbc CMakeFiles/hello_world.dir/pico-sdk/src/common/pico_time/time.c.o
                0x10000d98                sleep_until
 .text.sleep_us
                0x10000e54       0x30 CMakeFiles/hello_world.dir/pico-sdk/src/common/pico_time/time.c.o
                0x10000e54                sleep_us
 .text.sleep_ms
                0x10000e84       0x2c CMakeFiles/hello_world.dir/pico-sdk/src/common/pico_time/time.c.o
                0x10000e84                sleep_ms
 .text.best_effort_wfe_or_timeout
                0x10000eb0       0xbc CMakeFiles/hello_world.dir/pico-sdk/src/common/pico_time/time.c.o
                0x10000eb0                best_effort_wfe_or_timeout
 .text.check_single_timeout_us
                0x10000f6c       0x28 CMakeFiles/hello_world.dir/pico-sdk/src/common/pico_time/timeout_helper.c.o
 .text.init_single_timeout_until
                0x10000f94       0x10 CMakeFiles/hello_world.dir/pico-sdk/src/common/pico_time/timeout_helper.c.o
                0x10000f94                init_single_timeout_until
 .text.timer_hardware_alarm_claim
                0x10000fa4       0x24 CMakeFiles/hello_world.dir/pico-sdk/src/rp2_common/hardware_timer/timer.c.o
                0x10000fa4                timer_hardware_alarm_claim
 .text.timer_time_us_64
                0x10000fc8       0x10 CMakeFiles/hello_world.dir/pico-sdk/src/rp2_common/hardware_timer/timer.c.o
                0x10000fc8                timer_time_us_64
 .text.time_us_64
                0x10000fd8       0x14 CMakeFiles/hello_world.dir/pico-sdk/src/rp2_common/hardware_timer/timer.c.o
                0x10000fd8                time_us_64
 .text.busy_wait_us
                0x10000fec       0x64 CMakeFiles/hello_world.dir/pico-sdk/src/rp2_common/hardware_timer/timer.c.o
                0x10000fec                busy_wait_us
 .text.busy_wait_until
                0x10001050       0x24 CMakeFiles/hello_world.dir/pico-sdk/src/rp2_common/hardware_timer/timer.c.o
                0x10001050                busy_wait_until
 .text.uart_init
                0x10001074      0x104 CMakeFiles/hello_world.dir/pico-sdk/src/rp2_common/hardware_uart/uart.c.o
                0x10001074                uart_init
 .text.clock_configure_undivided
                0x10001178       0xd0 CMakeFiles/hello_world.dir/pico-sdk/src/rp2_common/hardware_clocks/clocks.c.o
                0x10001178                clock_configure_undivided
 .text.clock_get_hz
                0x10001248        0xc CMakeFiles/hello_world.dir/pico-sdk/src/rp2_common/hardware_clocks/clocks.c.o
                0x10001248                clock_get_hz
 .text.pll_init
                0x10001254       0x8c CMakeFiles/hello_world.dir/pico-sdk/src/rp2_common/hardware_pll/pll.c.o
                0x10001254                pll_init
 .text.tick_start
                0x100012e0       0x18 CMakeFiles/hello_world.dir/pico-sdk/src/rp2_common/hardware_ticks/ticks.c.o
                0x100012e0                tick_start
 .text.rom_func_lookup
                0x100012f8       0x18 CMakeFiles/hello_world.dir/pico-sdk/src/rp2_common/pico_bootrom/bootrom.c.o
                0x100012f8                rom_func_lookup
 .text.runtime_init_bootrom_locking_enable
                0x10001310       0x14 CMakeFiles/hello_world.dir/pico-sdk/src/rp2_common/pico_bootrom/bootrom_lock.c.o
                0x10001310                runtime_init_bootrom_locking_enable
 .text.runtime_init_boot_locks_reset
                0x10001324       0x1c CMakeFiles/hello_world.dir/pico-sdk/src/rp2_common/hardware_boot_lock/boot_lock.c.o
                0x10001324                runtime_init_boot_locks_reset
 .text.xosc_init
                0x10001340       0x30 CMakeFiles/hello_world.dir/pico-sdk/src/rp2_common/hardware_xosc/xosc.c.o
                0x10001340                xosc_init
 .text.first_per_core_initializer
                0x10001370        0x4 CMakeFiles/hello_world.dir/pico-sdk/src/rp2_common/pico_runtime/runtime.c.o
 .text.hard_assertion_failure
                0x10001374        0xc CMakeFiles/hello_world.dir/pico-sdk/src/rp2_common/pico_runtime/runtime.c.o
                0x10001374                hard_assertion_failure
 .text.runtime_run_initializers
                0x10001380       0x20 CMakeFiles/hello_world.dir/pico-sdk/src/rp2_common/pico_runtime/runtime.c.o
                0x10001380                runtime_run_initializers
 .text.runtime_init_early_resets
                0x100013a0       0x34 CMakeFiles/hello_world.dir/pico-sdk/src/rp2_common/pico_runtime_init/runtime_init.c.o
                0x100013a0                runtime_init_early_resets
 .text.runtime_init_usb_power_down
                0x100013d4       0x1c CMakeFiles/hello_world.dir/pico-sdk/src/rp2_common/pico_runtime_init/runtime_init.c.o
                0x100013d4                runtime_init_usb_power_down
 .text.runtime_init_per_core_enable_coprocessors
                0x100013f0       0x1c CMakeFiles/hello_world.dir/pico-sdk/src/rp2_common/pico_runtime_init/runtime_init.c.o
                0x100013f0                runtime_init_per_core_enable_coprocessors
 .text.runtime_init_post_clock_resets
                0x1000140c       0x20 CMakeFiles/hello_world.dir/pico-sdk/src/rp2_common/pico_runtime_init/runtime_init.c.o
                0x1000140c                runtime_init_post_clock_resets
 .text.runtime_init_bootrom_reset
                0x1000142c       0x14 CMakeFiles/hello_world.dir/pico-sdk/src/rp2_common/pico_runtime_init/runtime_init.c.o
                0x1000142c                runtime_init_bootrom_reset
 .text.runtime_init_per_core_bootrom_reset
                0x10001440       0x14 CMakeFiles/hello_world.dir/pico-sdk/src/rp2_common/pico_runtime_init/runtime_init.c.o
                0x10001440                runtime_init_per_core_bootrom_reset
 .text.runtime_init_spin_locks_reset
                0x10001454        0x4 CMakeFiles/hello_world.dir/pico-sdk/src/rp2_common/pico_runtime_init/runtime_init.c.o
                0x10001454                runtime_init_spin_locks_reset
 .text.runtime_init_install_ram_vector_table
                0x10001458       0x68 CMakeFiles/hello_world.dir/pico-sdk/src/rp2_common/pico_runtime_init/runtime_init.c.o
                0x10001458                runtime_init_install_ram_vector_table
 .text.runtime_init_clocks
                0x100014c0       0xdc CMakeFiles/hello_world.dir/pico-sdk/src/rp2_common/pico_runtime_init/runtime_init_clocks.c.o
                0x100014c0                runtime_init_clocks
 .text.__rp2350_dcp_engaged_state_save_restore
                0x1000159c       0x3a CMakeFiles/hello_world.dir/pico-sdk/src/rp2_common/pico_double/double_aeabi_dcp.S.o
 *fill*         0x100015d6        0x2 
 .text.__wrap___aeabi_dadd
                0x100015d8       0x28 CMakeFiles/hello_world.dir/pico-sdk/src/rp2_common/pico_double/double_aeabi_dcp.S.o
                0x100015e0                __wrap___aeabi_dadd
 .text.__wrap___aeabi_dsub
                0x10001600       0x28 CMakeFiles/hello_world.dir/pico-sdk/src/rp2_common/pico_double/double_aeabi_dcp.S.o
                0x10001608                __wrap___aeabi_dsub
 .text.__wrap___aeabi_dmul
                0x10001628       0x4c CMakeFiles/hello_world.dir/pico-sdk/src/rp2_common/pico_double/double_aeabi_dcp.S.o
                0x10001630                __wrap___aeabi_dmul
 .text.__wrap___aeabi_ddiv
                0x10001674       0x9c CMakeFiles/hello_world.dir/pico-sdk/src/rp2_common/pico_double/double_aeabi_dcp.S.o
                0x1000167c                __wrap___aeabi_ddiv
 .text.__wrap___aeabi_d2f
                0x10001710       0x1c CMakeFiles/hello_world.dir/pico-sdk/src/rp2_common/pico_double/double_aeabi_dcp.S.o
                0x10001718                double2float
                0x10001718                __wrap___aeabi_d2f
 .text.__wrap___aeabi_i2d
                0x1000172c       0x24 CMakeFiles/hello_world.dir/pico-sdk/src/rp2_common/pico_double/double_aeabi_dcp.S.o
                0x10001734                __wrap___aeabi_i2d
                0x10001734                int2double
 .text.__wrap___aeabi_ui2d
                0x10001750       0x24 CMakeFiles/hello_world.dir/pico-sdk/src/rp2_common/pico_double/double_aeabi_dcp.S.o
                0x10001758                __wrap___aeabi_ui2d
                0x10001758                uint2double
 .text.__wrap___aeabi_d2iz
                0x10001774       0x24 CMakeFiles/hello_world.dir/pico-sdk/src/rp2_common/pico_double/double_aeabi_dcp.S.o
                0x1000177c                __wrap___aeabi_d2iz
                0x1000177c                double2int_z
 .text.__wrap___aeabi_d2uiz
                0x10001798       0x24 CMakeFiles/hello_world.dir/pico-sdk/src/rp2_common/pico_double/double_aeabi_dcp.S.o
                0x100017a0                double2uint_z
                0x100017a0                double2uint
                0x100017a0                __wrap___aeabi_d2uiz
 .text.__wrap___aeabi_dcmpun
                0x100017bc       0x24 CMakeFiles/hello_world.dir/pico-sdk/src/rp2_common/pico_double/double_aeabi_dcp.S.o
                0x100017c4                __wrap___aeabi_dcmpun
 .text.__wrap___aeabi_dcmplt
                0x100017e0       0x28 CMakeFiles/hello_world.dir/pico-sdk/src/rp2_common/pico_double/double_aeabi_dcp.S.o
                0x100017e8                __wrap___aeabi_dcmplt
 .text.__wrap___aeabi_dcmpge
                0x10001808       0x28 CMakeFiles/hello_world.dir/pico-sdk/src/rp2_common/pico_double/double_aeabi_dcp.S.o
                0x10001810                __wrap___aeabi_dcmpge
 .text.__wrap___aeabi_dcmpgt
                0x10001830       0x28 CMakeFiles/hello_world.dir/pico-sdk/src/rp2_common/pico_double/double_aeabi_dcp.S.o
                0x10001838                __wrap___aeabi_dcmpgt
 .text.__wrap_calloc
                0x10001858       0x2c CMakeFiles/hello_world.dir/pico-sdk/src/rp2_common/pico_malloc/malloc.c.o
                0x10001858                __wrap_calloc
 .text.__wrap_free
                0x10001884        0x4 CMakeFiles/hello_world.dir/pico-sdk/src/rp2_common/pico_malloc/malloc.c.o
                0x10001884                __wrap_free
 .text._out_null
                0x10001888        0x4 CMakeFiles/hello_world.dir/pico-sdk/src/rp2_common/pico_printf/printf.c.o
 .text._out_rev
                0x1000188c       0x9c CMakeFiles/hello_world.dir/pico-sdk/src/rp2_common/pico_printf/printf.c.o
 .text._ntoa_format
                0x10001928      0x2a4 CMakeFiles/hello_world.dir/pico-sdk/src/rp2_common/pico_printf/printf.c.o
 .text._out_char
                0x10001bcc        0x8 CMakeFiles/hello_world.dir/pico-sdk/src/rp2_common/pico_printf/printf.c.o
 .text._out_fct
                0x10001bd4        0xc CMakeFiles/hello_world.dir/pico-sdk/src/rp2_common/pico_printf/printf.c.o
 .text._etoa    0x10001be0      0x460 CMakeFiles/hello_world.dir/pico-sdk/src/rp2_common/pico_printf/printf.c.o
 .text._ftoa    0x10002040      0x3f4 CMakeFiles/hello_world.dir/pico-sdk/src/rp2_common/pico_printf/printf.c.o
 .text._vsnprintf
                0x10002434      0x9e8 CMakeFiles/hello_world.dir/pico-sdk/src/rp2_common/pico_printf/printf.c.o
 .text.vfctprintf
                0x10002e1c       0x28 CMakeFiles/hello_world.dir/pico-sdk/src/rp2_common/pico_printf/printf.c.o
                0x10002e1c                vfctprintf
 .text.weak_raw_vprintf
                0x10002e44       0x30 CMakeFiles/hello_world.dir/pico-sdk/src/rp2_common/pico_printf/printf.c.o
                0x10002e44                weak_raw_vprintf
 .text._exit    0x10002e74        0x4 CMakeFiles/hello_world.dir/pico-sdk/src/rp2_common/pico_clib_interface/newlib_interface.c.o
                0x10002e74                _exit
 .text._sbrk    0x10002e78       0x2c CMakeFiles/hello_world.dir/pico-sdk/src/rp2_common/pico_clib_interface/newlib_interface.c.o
                0x10002e78                _sbrk
 .text.exit     0x10002ea4        0x8 CMakeFiles/hello_world.dir/pico-sdk/src/rp2_common/pico_clib_interface/newlib_interface.c.o
                0x10002ea4                exit
 .text.runtime_init
                0x10002eac       0x24 CMakeFiles/hello_world.dir/pico-sdk/src/rp2_common/pico_clib_interface/newlib_interface.c.o
                0x10002eac                runtime_init
 .text.stdio_out_chars_no_crlf
                0x10002ed0        0x8 CMakeFiles/hello_world.dir/pico-sdk/src/rp2_common/pico_stdio/stdio.c.o
 .text.stdio_out_chars_crlf
                0x10002ed8       0xac CMakeFiles/hello_world.dir/pico-sdk/src/rp2_common/pico_stdio/stdio.c.o
 .text.stdio_buffered_printer
                0x10002f84       0x60 CMakeFiles/hello_world.dir/pico-sdk/src/rp2_common/pico_stdio/stdio.c.o
 .text.stdio_put_string
                0x10002fe4       0xf0 CMakeFiles/hello_world.dir/pico-sdk/src/rp2_common/pico_stdio/stdio.c.o
                0x10002fe4                stdio_put_string
 .text.stdio_set_driver_enabled
                0x100030d4       0x30 CMakeFiles/hello_world.dir/pico-sdk/src/rp2_common/pico_stdio/stdio.c.o
                0x100030d4                stdio_set_driver_enabled
 .text.__wrap_putchar
                0x10003104       0x84 CMakeFiles/hello_world.dir/pico-sdk/src/rp2_common/pico_stdio/stdio.c.o
                0x10003104                stdio_putchar
                0x10003104                __wrap_putchar
 .text.__wrap_puts
                0x10003188       0x3c CMakeFiles/hello_world.dir/pico-sdk/src/rp2_common/pico_stdio/stdio.c.o
                0x10003188                __wrap_puts
                0x10003188                stdio_puts
 .text.__wrap_vprintf
                0x100031c4       0xc8 CMakeFiles/hello_world.dir/pico-sdk/src/rp2_common/pico_stdio/stdio.c.o
                0x100031c4                __wrap_vprintf
                0x100031c4                stdio_vprintf
 .text.__wrap_printf
                0x1000328c       0x1c CMakeFiles/hello_world.dir/pico-sdk/src/rp2_common/pico_stdio/stdio.c.o
                0x1000328c                stdio_printf
                0x1000328c                __wrap_printf
 .text.stdio_uart_out_chars
                0x100032a8       0x50 CMakeFiles/hello_world.dir/pico-sdk/src/rp2_common/pico_stdio_uart/stdio_uart.c.o
 .text.stdio_uart_in_chars
                0x100032f8       0x94 CMakeFiles/hello_world.dir/pico-sdk/src/rp2_common/pico_stdio_uart/stdio_uart.c.o
                0x100032f8                stdio_uart_in_chars
 .text.on_uart_rx
                0x1000338c       0x24 CMakeFiles/hello_world.dir/pico-sdk/src/rp2_common/pico_stdio_uart/stdio_uart.c.o
 .text.stdio_uart_out_flush
                0x100033b0       0x10 CMakeFiles/hello_world.dir/pico-sdk/src/rp2_common/pico_stdio_uart/stdio_uart.c.o
 .text.stdio_uart_set_chars_available_callback
                0x100033c0       0x88 CMakeFiles/hello_world.dir/pico-sdk/src/rp2_common/pico_stdio_uart/stdio_uart.c.o
 .text.stdio_uart_init
                0x10003448       0x54 CMakeFiles/hello_world.dir/pico-sdk/src/rp2_common/pico_stdio_uart/stdio_uart.c.o
                0x10003448                stdio_uart_init
 .text.i2c_init_sensor
                0x1000349c       0xe0 CMakeFiles/hello_world.dir/pico-sdk/lib/pico-sensor-lib/src/i2c.c.o
                0x1000349c                i2c_init_sensor
 .text.i2c_start_measurement
                0x1000357c       0x28 CMakeFiles/hello_world.dir/pico-sdk/lib/pico-sensor-lib/src/i2c.c.o
                0x1000357c                i2c_start_measurement
 .text.i2c_read_measurement
                0x100035a4       0x3c CMakeFiles/hello_world.dir/pico-sdk/lib/pico-sensor-lib/src/i2c.c.o
                0x100035a4                i2c_read_measurement
 .text.twos_complement
                0x100035e0       0x1c CMakeFiles/hello_world.dir/pico-sdk/lib/pico-sensor-lib/src/i2c.c.o
                0x100035e0                twos_complement
 .text.i2c_read_register_block
                0x100035fc       0xec CMakeFiles/hello_world.dir/pico-sdk/lib/pico-sensor-lib/src/i2c.c.o
                0x100035fc                i2c_read_register_block
 .text.i2c_read_register_u24
                0x100036e8       0xe8 CMakeFiles/hello_world.dir/pico-sdk/lib/pico-sensor-lib/src/i2c.c.o
                0x100036e8                i2c_read_register_u24
 .text.i2c_read_register_u16
                0x100037d0       0xd8 CMakeFiles/hello_world.dir/pico-sdk/lib/pico-sensor-lib/src/i2c.c.o
                0x100037d0                i2c_read_register_u16
 .text.i2c_read_register_u8
                0x100038a8       0xd4 CMakeFiles/hello_world.dir/pico-sdk/lib/pico-sensor-lib/src/i2c.c.o
                0x100038a8                i2c_read_register_u8
 .text.i2c_write_register_u16
                0x1000397c       0x7c CMakeFiles/hello_world.dir/pico-sdk/lib/pico-sensor-lib/src/i2c.c.o
                0x1000397c                i2c_write_register_u16
 .text.i2c_write_register_u8
                0x100039f8       0x74 CMakeFiles/hello_world.dir/pico-sdk/lib/pico-sensor-lib/src/i2c.c.o
                0x100039f8                i2c_write_register_u8
 .text.i2c_read_raw
                0x10003a6c       0x80 CMakeFiles/hello_world.dir/pico-sdk/lib/pico-sensor-lib/src/i2c.c.o
                0x10003a6c                i2c_read_raw
 .text.i2c_write_raw
                0x10003aec       0x80 CMakeFiles/hello_world.dir/pico-sdk/lib/pico-sensor-lib/src/i2c.c.o
                0x10003aec                i2c_write_raw
 .text.i2c_write_raw_u16
                0x10003b6c       0x74 CMakeFiles/hello_world.dir/pico-sdk/lib/pico-sensor-lib/src/i2c.c.o
                0x10003b6c                i2c_write_raw_u16
 .text.i2c_write_raw_u8
                0x10003be0       0x74 CMakeFiles/hello_world.dir/pico-sdk/lib/pico-sensor-lib/src/i2c.c.o
                0x10003be0                i2c_write_raw_u8
 .text.get_i2c_sensor_type
                0x10003c54       0x70 CMakeFiles/hello_world.dir/pico-sdk/lib/pico-sensor-lib/src/i2c.c.o
                0x10003c54                get_i2c_sensor_type
 .text.crc8_generic
                0x10003cc4      0x1e8 CMakeFiles/hello_world.dir/pico-sdk/lib/pico-sensor-lib/src/crc.c.o
                0x10003cc4                crc8_generic
 .text.crc8_byte
                0x10003eac       0x64 CMakeFiles/hello_world.dir/pico-sdk/lib/pico-sensor-lib/src/crc.c.o
                0x10003eac                crc8_byte
 .text.adt7410_init
                0x10003f10       0xac CMakeFiles/hello_world.dir/pico-sdk/lib/pico-sensor-lib/src/i2c_adt7410.c.o
                0x10003f10                adt7410_init
 .text.adt7410_start_measurement
                0x10003fbc        0x8 CMakeFiles/hello_world.dir/pico-sdk/lib/pico-sensor-lib/src/i2c_adt7410.c.o
                0x10003fbc                adt7410_start_measurement
 .text.adt7410_get_measurement
                0x10003fc4       0x74 CMakeFiles/hello_world.dir/pico-sdk/lib/pico-sensor-lib/src/i2c_adt7410.c.o
                0x10003fc4                adt7410_get_measurement
 .text.aht1x_init
                0x10004038       0x88 CMakeFiles/hello_world.dir/pico-sdk/lib/pico-sensor-lib/src/i2c_aht.c.o
                0x10004038                aht1x_init
 .text.aht2x_init
                0x100040c0       0x88 CMakeFiles/hello_world.dir/pico-sdk/lib/pico-sensor-lib/src/i2c_aht.c.o
                0x100040c0                aht2x_init
 .text.aht_start_measurement
                0x10004148       0x14 CMakeFiles/hello_world.dir/pico-sdk/lib/pico-sensor-lib/src/i2c_aht.c.o
                0x10004148                aht_start_measurement
 .text.aht_get_measurement
                0x1000415c      0x108 CMakeFiles/hello_world.dir/pico-sdk/lib/pico-sensor-lib/src/i2c_aht.c.o
                0x1000415c                aht_get_measurement
 .text.am2320_read_registers.constprop.0
                0x10004264      0x114 CMakeFiles/hello_world.dir/pico-sdk/lib/pico-sensor-lib/src/i2c_am2320.c.o
 .text.am2320_init
                0x10004378       0x44 CMakeFiles/hello_world.dir/pico-sdk/lib/pico-sensor-lib/src/i2c_am2320.c.o
                0x10004378                am2320_init
 .text.am2320_start_measurement
                0x100043bc        0x8 CMakeFiles/hello_world.dir/pico-sdk/lib/pico-sensor-lib/src/i2c_am2320.c.o
                0x100043bc                am2320_start_measurement
 .text.am2320_get_measurement
                0x100043c4       0x6c CMakeFiles/hello_world.dir/pico-sdk/lib/pico-sensor-lib/src/i2c_am2320.c.o
                0x100043c4                am2320_get_measurement
 .text.as621x_init
                0x10004430      0x100 CMakeFiles/hello_world.dir/pico-sdk/lib/pico-sensor-lib/src/i2c_as621x.c.o
                0x10004430                as621x_init
 .text.as621x_start_measurement
                0x10004530        0x4 CMakeFiles/hello_world.dir/pico-sdk/lib/pico-sensor-lib/src/i2c_as621x.c.o
                0x10004530                as621x_start_measurement
 .text.as621x_get_measurement
                0x10004534       0x4c CMakeFiles/hello_world.dir/pico-sdk/lib/pico-sensor-lib/src/i2c_as621x.c.o
                0x10004534                as621x_get_measurement
 .text.bmp180_init
                0x10004580      0x110 CMakeFiles/hello_world.dir/pico-sdk/lib/pico-sensor-lib/src/i2c_bmp180.c.o
                0x10004580                bmp180_init
 .text.bmp180_start_measurement
                0x10004690       0x20 CMakeFiles/hello_world.dir/pico-sdk/lib/pico-sensor-lib/src/i2c_bmp180.c.o
                0x10004690                bmp180_start_measurement
 .text.bmp180_get_measurement
                0x100046b0      0x1b4 CMakeFiles/hello_world.dir/pico-sdk/lib/pico-sensor-lib/src/i2c_bmp180.c.o
                0x100046b0                bmp180_get_measurement
 .text.bmp280_init
                0x10004864       0xe4 CMakeFiles/hello_world.dir/pico-sdk/lib/pico-sensor-lib/src/i2c_bmp280.c.o
                0x10004864                bmp280_init
 .text.bmp280_start_measurement
                0x10004948        0x8 CMakeFiles/hello_world.dir/pico-sdk/lib/pico-sensor-lib/src/i2c_bmp280.c.o
                0x10004948                bmp280_start_measurement
 .text.bmp280_get_measurement
                0x10004950      0x24c CMakeFiles/hello_world.dir/pico-sdk/lib/pico-sensor-lib/src/i2c_bmp280.c.o
                0x10004950                bmp280_get_measurement
 .text.dps310_init
                0x10004b9c      0x224 CMakeFiles/hello_world.dir/pico-sdk/lib/pico-sensor-lib/src/i2c_dps310.c.o
                0x10004b9c                dps310_init
 .text.dps310_start_measurement
                0x10004dc0        0x8 CMakeFiles/hello_world.dir/pico-sdk/lib/pico-sensor-lib/src/i2c_dps310.c.o
                0x10004dc0                dps310_start_measurement
 .text.dps310_get_measurement
                0x10004dc8      0x1e4 CMakeFiles/hello_world.dir/pico-sdk/lib/pico-sensor-lib/src/i2c_dps310.c.o
                0x10004dc8                dps310_get_measurement
 .text.hdc302x_init
                0x10004fac      0x170 CMakeFiles/hello_world.dir/pico-sdk/lib/pico-sensor-lib/src/i2c_hdc302x.c.o
                0x10004fac                hdc302x_init
 .text.hdc302x_start_measurement
                0x1000511c       0x1c CMakeFiles/hello_world.dir/pico-sdk/lib/pico-sensor-lib/src/i2c_hdc302x.c.o
                0x1000511c                hdc302x_start_measurement
 .text.hdc302x_get_measurement
                0x10005138       0xf8 CMakeFiles/hello_world.dir/pico-sdk/lib/pico-sensor-lib/src/i2c_hdc302x.c.o
                0x10005138                hdc302x_get_measurement
 .text.htu21d_init
                0x10005230       0x9c CMakeFiles/hello_world.dir/pico-sdk/lib/pico-sensor-lib/src/i2c_htu21d.c.o
                0x10005230                htu21d_init
 .text.htu21d_start_measurement
                0x100052cc       0x24 CMakeFiles/hello_world.dir/pico-sdk/lib/pico-sensor-lib/src/i2c_htu21d.c.o
                0x100052cc                htu21d_start_measurement
 .text.htu21d_get_measurement
                0x100052f0      0x130 CMakeFiles/hello_world.dir/pico-sdk/lib/pico-sensor-lib/src/i2c_htu21d.c.o
                0x100052f0                htu21d_get_measurement
 .text.htu31d_init
                0x10005420       0xf0 CMakeFiles/hello_world.dir/pico-sdk/lib/pico-sensor-lib/src/i2c_htu31d.c.o
                0x10005420                htu31d_init
 .text.htu31d_start_measurement
                0x10005510       0x1c CMakeFiles/hello_world.dir/pico-sdk/lib/pico-sensor-lib/src/i2c_htu31d.c.o
                0x10005510                htu31d_start_measurement
 *fill*         0x1000552c        0x4 
 .text.htu31d_get_measurement
                0x10005530      0x16c CMakeFiles/hello_world.dir/pico-sdk/lib/pico-sensor-lib/src/i2c_htu31d.c.o
                0x10005530                htu31d_get_measurement
 .text.hts221_init
                0x1000569c      0x15c CMakeFiles/hello_world.dir/pico-sdk/lib/pico-sensor-lib/src/i2c_hts221.c.o
                0x1000569c                hts221_init
 .text.hts221_start_measurement
                0x100057f8        0x4 CMakeFiles/hello_world.dir/pico-sdk/lib/pico-sensor-lib/src/i2c_hts221.c.o
                0x100057f8                hts221_start_measurement
 .text.hts221_get_measurement
                0x100057fc       0xc4 CMakeFiles/hello_world.dir/pico-sdk/lib/pico-sensor-lib/src/i2c_hts221.c.o
                0x100057fc                hts221_get_measurement
 .text.lps_init
                0x100058c0      0x15c CMakeFiles/hello_world.dir/pico-sdk/lib/pico-sensor-lib/src/i2c_lps.c.o
                0x100058c0                lps_init
 .text.lps_start_measurement
                0x10005a1c       0x10 CMakeFiles/hello_world.dir/pico-sdk/lib/pico-sensor-lib/src/i2c_lps.c.o
                0x10005a1c                lps_start_measurement
 .text.lps_get_measurement
                0x10005a2c       0xf8 CMakeFiles/hello_world.dir/pico-sdk/lib/pico-sensor-lib/src/i2c_lps.c.o
                0x10005a2c                lps_get_measurement
 .text.mcp9808_init
                0x10005b24       0xa0 CMakeFiles/hello_world.dir/pico-sdk/lib/pico-sensor-lib/src/i2c_mcp9808.c.o
                0x10005b24                mcp9808_init
 .text.mcp9808_start_measurement
                0x10005bc4        0x4 CMakeFiles/hello_world.dir/pico-sdk/lib/pico-sensor-lib/src/i2c_mcp9808.c.o
                0x10005bc4                mcp9808_start_measurement
 .text.mcp9808_get_measurement
                0x10005bc8       0x60 CMakeFiles/hello_world.dir/pico-sdk/lib/pico-sensor-lib/src/i2c_mcp9808.c.o
                0x10005bc8                mcp9808_get_measurement
 .text.mpl115a2_init
                0x10005c28       0x78 CMakeFiles/hello_world.dir/pico-sdk/lib/pico-sensor-lib/src/i2c_mpl115a2.c.o
                0x10005c28                mpl115a2_init
 .text.mpl115a2_start_measurement
                0x10005ca0       0x1c CMakeFiles/hello_world.dir/pico-sdk/lib/pico-sensor-lib/src/i2c_mpl115a2.c.o
                0x10005ca0                mpl115a2_start_measurement
 *fill*         0x10005cbc        0x4 
 .text.mpl115a2_get_measurement
                0x10005cc0       0xf8 CMakeFiles/hello_world.dir/pico-sdk/lib/pico-sensor-lib/src/i2c_mpl115a2.c.o
                0x10005cc0                mpl115a2_get_measurement
 .text.mpl3115a2_init
                0x10005db8       0xf4 CMakeFiles/hello_world.dir/pico-sdk/lib/pico-sensor-lib/src/i2c_mpl3115a2.c.o
                0x10005db8                mpl3115a2_init
 .text.mpl3115a2_start_measurement
                0x10005eac        0x8 CMakeFiles/hello_world.dir/pico-sdk/lib/pico-sensor-lib/src/i2c_mpl3115a2.c.o
                0x10005eac                mpl3115a2_start_measurement
 .text.mpl3115a2_get_measurement
                0x10005eb4       0x98 CMakeFiles/hello_world.dir/pico-sdk/lib/pico-sensor-lib/src/i2c_mpl3115a2.c.o
                0x10005eb4                mpl3115a2_get_measurement
 .text.ms5611_init
                0x10005f4c      0x198 CMakeFiles/hello_world.dir/pico-sdk/lib/pico-sensor-lib/src/i2c_ms5611.c.o
                0x10005f4c                ms5611_init
 .text.ms5611_start_measurement
                0x100060e4       0x24 CMakeFiles/hello_world.dir/pico-sdk/lib/pico-sensor-lib/src/i2c_ms5611.c.o
                0x100060e4                ms5611_start_measurement
 .text.ms5611_get_measurement
                0x10006108      0x1e8 CMakeFiles/hello_world.dir/pico-sdk/lib/pico-sensor-lib/src/i2c_ms5611.c.o
                0x10006108                ms5611_get_measurement
 .text.ms8607_init
                0x100062f0      0x1f0 CMakeFiles/hello_world.dir/pico-sdk/lib/pico-sensor-lib/src/i2c_ms8607.c.o
                0x100062f0                ms8607_init
 .text.ms8607_start_measurement
                0x100064e0       0x38 CMakeFiles/hello_world.dir/pico-sdk/lib/pico-sensor-lib/src/i2c_ms8607.c.o
                0x100064e0                ms8607_start_measurement
 .text.ms8607_get_measurement
                0x10006518      0x288 CMakeFiles/hello_world.dir/pico-sdk/lib/pico-sensor-lib/src/i2c_ms8607.c.o
                0x10006518                ms8607_get_measurement
 .text.pct2075_init
                0x100067a0       0xa8 CMakeFiles/hello_world.dir/pico-sdk/lib/pico-sensor-lib/src/i2c_pct2075.c.o
                0x100067a0                pct2075_init
 .text.pct2075_start_measurement
                0x10006848        0x4 CMakeFiles/hello_world.dir/pico-sdk/lib/pico-sensor-lib/src/i2c_pct2075.c.o
                0x10006848                pct2075_start_measurement
 .text.pct2075_get_measurement
                0x1000684c       0x5c CMakeFiles/hello_world.dir/pico-sdk/lib/pico-sensor-lib/src/i2c_pct2075.c.o
                0x1000684c                pct2075_get_measurement
 .text.shtc3_init
                0x100068a8      0x130 CMakeFiles/hello_world.dir/pico-sdk/lib/pico-sensor-lib/src/i2c_shtc3.c.o
                0x100068a8                shtc3_init
 .text.shtc3_start_measurement
                0x100069d8       0x1c CMakeFiles/hello_world.dir/pico-sdk/lib/pico-sensor-lib/src/i2c_shtc3.c.o
                0x100069d8                shtc3_start_measurement
 *fill*         0x100069f4        0x4 
 .text.shtc3_get_measurement
                0x100069f8       0xe0 CMakeFiles/hello_world.dir/pico-sdk/lib/pico-sensor-lib/src/i2c_shtc3.c.o
                0x100069f8                shtc3_get_measurement
 .text.sht3x_init
                0x10006ad8      0x110 CMakeFiles/hello_world.dir/pico-sdk/lib/pico-sensor-lib/src/i2c_sht3x.c.o
                0x10006ad8                sht3x_init
 .text.sht3x_start_measurement
                0x10006be8       0x1c CMakeFiles/hello_world.dir/pico-sdk/lib/pico-sensor-lib/src/i2c_sht3x.c.o
                0x10006be8                sht3x_start_measurement
 *fill*         0x10006c04        0x4 
 .text.sht3x_get_measurement
                0x10006c08       0xe4 CMakeFiles/hello_world.dir/pico-sdk/lib/pico-sensor-lib/src/i2c_sht3x.c.o
                0x10006c08                sht3x_get_measurement
 .text.sht4x_init
                0x10006cec      0x110 CMakeFiles/hello_world.dir/pico-sdk/lib/pico-sensor-lib/src/i2c_sht4x.c.o
                0x10006cec                sht4x_init
 .text.sht4x_start_measurement
                0x10006dfc       0x1c CMakeFiles/hello_world.dir/pico-sdk/lib/pico-sensor-lib/src/i2c_sht4x.c.o
                0x10006dfc                sht4x_start_measurement
 .text.sht4x_get_measurement
                0x10006e18      0x12c CMakeFiles/hello_world.dir/pico-sdk/lib/pico-sensor-lib/src/i2c_sht4x.c.o
                0x10006e18                sht4x_get_measurement
 .text.si7021_init
                0x10006f44      0x1a0 CMakeFiles/hello_world.dir/pico-sdk/lib/pico-sensor-lib/src/i2c_si7021.c.o
                0x10006f44                si7021_init
 .text.si7021_start_measurement
                0x100070e4       0x1c CMakeFiles/hello_world.dir/pico-sdk/lib/pico-sensor-lib/src/i2c_si7021.c.o
                0x100070e4                si7021_start_measurement
 .text.si7021_get_measurement
                0x10007100       0xe8 CMakeFiles/hello_world.dir/pico-sdk/lib/pico-sensor-lib/src/i2c_si7021.c.o
                0x10007100                si7021_get_measurement
 .text.stts22h_init
                0x100071e8       0xa8 CMakeFiles/hello_world.dir/pico-sdk/lib/pico-sensor-lib/src/i2c_stts22h.c.o
                0x100071e8                stts22h_init
 .text.stts22h_start_measurement
                0x10007290        0x4 CMakeFiles/hello_world.dir/pico-sdk/lib/pico-sensor-lib/src/i2c_stts22h.c.o
                0x10007290                stts22h_start_measurement
 .text.stts22h_get_measurement
                0x10007294       0x58 CMakeFiles/hello_world.dir/pico-sdk/lib/pico-sensor-lib/src/i2c_stts22h.c.o
                0x10007294                stts22h_get_measurement
 .text.tc74_init
                0x100072ec       0x6c CMakeFiles/hello_world.dir/pico-sdk/lib/pico-sensor-lib/src/i2c_tc74.c.o
                0x100072ec                tc74_init
 .text.tc74_start_measurement
                0x10007358        0x4 CMakeFiles/hello_world.dir/pico-sdk/lib/pico-sensor-lib/src/i2c_tc74.c.o
                0x10007358                tc74_start_measurement
 .text.tc74_get_measurement
                0x1000735c       0x6c CMakeFiles/hello_world.dir/pico-sdk/lib/pico-sensor-lib/src/i2c_tc74.c.o
                0x1000735c                tc74_get_measurement
 .text.tmp102_init
                0x100073c8      0x124 CMakeFiles/hello_world.dir/pico-sdk/lib/pico-sensor-lib/src/i2c_tmp102.c.o
                0x100073c8                tmp102_init
 .text.tmp102_start_measurement
                0x100074ec        0x4 CMakeFiles/hello_world.dir/pico-sdk/lib/pico-sensor-lib/src/i2c_tmp102.c.o
                0x100074ec                tmp102_start_measurement
 .text.tmp102_get_measurement
                0x100074f0       0x60 CMakeFiles/hello_world.dir/pico-sdk/lib/pico-sensor-lib/src/i2c_tmp102.c.o
                0x100074f0                tmp102_get_measurement
 .text.tmp117_init
                0x10007550       0xa4 CMakeFiles/hello_world.dir/pico-sdk/lib/pico-sensor-lib/src/i2c_tmp117.c.o
                0x10007550                tmp117_init
 .text.tmp117_start_measurement
                0x100075f4        0x8 CMakeFiles/hello_world.dir/pico-sdk/lib/pico-sensor-lib/src/i2c_tmp117.c.o
                0x100075f4                tmp117_start_measurement
 .text.tmp117_get_measurement
                0x100075fc       0x74 CMakeFiles/hello_world.dir/pico-sdk/lib/pico-sensor-lib/src/i2c_tmp117.c.o
                0x100075fc                tmp117_get_measurement
 .text.i2c_write_blocking_internal
                0x10007670      0x180 CMakeFiles/hello_world.dir/pico-sdk/src/rp2_common/hardware_i2c/i2c.c.o
 .text.i2c_read_blocking_internal
                0x100077f0       0xac CMakeFiles/hello_world.dir/pico-sdk/src/rp2_common/hardware_i2c/i2c.c.o
 .text.i2c_write_blocking_until
                0x1000789c       0x3c CMakeFiles/hello_world.dir/pico-sdk/src/rp2_common/hardware_i2c/i2c.c.o
                0x1000789c                i2c_write_blocking_until
 .text.i2c_read_blocking_until
                0x100078d8       0x3c CMakeFiles/hello_world.dir/pico-sdk/src/rp2_common/hardware_i2c/i2c.c.o
                0x100078d8                i2c_read_blocking_until
 .text          0x10007914       0xa4 /usr/lib/gcc/arm-none-eabi/13.2.1/../../../arm-none-eabi/lib/thumb/v8-m.main+fp/softfp/libg.a(libc_a-memset.o)
                0x10007914                memset
 .text          0x100079b8       0x54 /usr/lib/gcc/arm-none-eabi/13.2.1/../../../arm-none-eabi/lib/thumb/v8-m.main+fp/softfp/libg.a(libc_a-strncasecmp.o)
                0x100079b8                strncasecmp
 .text          0x10007a0c       0x10 /usr/lib/gcc/arm-none-eabi/13.2.1/../../../arm-none-eabi/lib/thumb/v8-m.main+fp/softfp/libg.a(libc_a-calloc.o)
                0x10007a0c                calloc
 .text          0x10007a1c        0xc /usr/lib/gcc/arm-none-eabi/13.2.1/../../../arm-none-eabi/lib/thumb/v8-m.main+fp/softfp/libg.a(libc_a-errno.o)
                0x10007a1c                __errno
 .text          0x10007a28       0x70 /usr/lib/gcc/arm-none-eabi/13.2.1/../../../arm-none-eabi/lib/thumb/v8-m.main+fp/softfp/libg.a(libc_a-callocr.o)
                0x10007a28                _calloc_r
 .text          0x10007a98      0x548 /usr/lib/gcc/arm-none-eabi/13.2.1/../../../arm-none-eabi/lib/thumb/v8-m.main+fp/softfp/libg.a(libc_a-mallocr.o)
                0x10007a98                _malloc_r
 .text          0x10007fe0      0x2b0 /usr/lib/gcc/arm-none-eabi/13.2.1/../../../arm-none-eabi/lib/thumb/v8-m.main+fp/softfp/libg.a(libc_a-freer.o)
                0x10007fe0                _malloc_trim_r
                0x10008098                _free_r
 .text          0x10008290       0x20 /usr/lib/gcc/arm-none-eabi/13.2.1/../../../arm-none-eabi/lib/thumb/v8-m.main+fp/softfp/libg.a(libc_a-malloc.o)
                0x10008290                malloc
                0x100082a0                free
 .text          0x100082b0       0xec /usr/lib/gcc/arm-none-eabi/13.2.1/../../../arm-none-eabi/lib/thumb/v8-m.main+fp/softfp/libg.a(libc_a-memcpy.o)
                0x100082b0                memcpy
 .text          0x1000839c       0x1c /usr/lib/gcc/arm-none-eabi/13.2.1/../../../arm-none-eabi/lib/thumb/v8-m.main+fp/softfp/libg.a(libc_a-sysconf.o)
                0x1000839c                sysconf
 .text          0x100083b8        0x8 /usr/lib/gcc/arm-none-eabi/13.2.1/../../../arm-none-eabi/lib/thumb/v8-m.main+fp/softfp/libg.a(libc_a-mlock.o)
                0x100083b8                __malloc_lock
                0x100083bc                __malloc_unlock
 .text          0x100083c0        0xc /usr/lib/gcc/arm-none-eabi/13.2.1/../../../arm-none-eabi/lib/thumb/v8-m.main+fp/softfp/libg.a(libc_a-atexit.o)
                0x100083c0                atexit
 .text          0x100083cc       0x5c /usr/lib/gcc/arm-none-eabi/13.2.1/../../../arm-none-eabi/lib/thumb/v8-m.main+fp/softfp/libg.a(libc_a-strlen-stub.o)
                0x100083cc                strlen
 .text          0x10008428       0x24 /usr/lib/gcc/arm-none-eabi/13.2.1/../../../arm-none-eabi/lib/thumb/v8-m.main+fp/softfp/libg.a(libc_a-sbrkr.o)
                0x10008428                _sbrk_r
 .text          0x1000844c       0x28 /usr/lib/gcc/arm-none-eabi/13.2.1/../../../arm-none-eabi/lib/thumb/v8-m.main+fp/softfp/libg.a(libc_a-fini.o)
                0x1000844c                __libc_fini_array
 .text          0x10008474       0x64 /usr/lib/gcc/arm-none-eabi/13.2.1/../../../arm-none-eabi/lib/thumb/v8-m.main+fp/softfp/libg.a(libc_a-__atexit.o)
                0x10008474                __register_exitproc
 .text.startup  0x100084d8       0x14 /usr/lib/gcc/arm-none-eabi/13.2.1/../../../arm-none-eabi/lib/thumb/v8-m.main+fp/softfp/libg.a(libc_a-__call_atexit.o)
 *(.fini)
 .fini          0x100084ec        0x4 /usr/lib/gcc/arm-none-eabi/13.2.1/thumb/v8-m.main+fp/softfp/crti.o
                0x100084ec                _fini
 .fini.__stub   0x100084f0       0x28 linker stubs
 *crtbegin.o(.ctors)
 *crtbegin?.o(.ctors)
 *(EXCLUDE_FILE(*crtend.o *crtend?.o) .ctors)
 *(SORT_BY_NAME(.ctors.*))
 *(.ctors)
 *crtbegin.o(.dtors)
 *crtbegin?.o(.dtors)
 *(EXCLUDE_FILE(*crtend.o *crtend?.o) .dtors)
 *(SORT_BY_NAME(.dtors.*))
 *(.dtors)
                0x10008518                        . = ALIGN (0x4)
                0x10008518                        PROVIDE (__preinit_array_start = .)
 *(SORT_BY_NAME(.preinit_array.*))
 .preinit_array.00050
                0x10008518        0x4 CMakeFiles/hello_world.dir/pico-sdk/src/rp2_common/pico_runtime_init/runtime_init.c.o
                0x10008518                __pre_init_runtime_init_bootrom_reset
 .preinit_array.00100
                0x1000851c        0x4 CMakeFiles/hello_world.dir/pico-sdk/src/rp2_common/pico_runtime_init/runtime_init.c.o
                0x1000851c                __pre_init_runtime_init_early_resets
 .preinit_array.00101
                0x10008520        0x4 CMakeFiles/hello_world.dir/pico-sdk/src/rp2_common/pico_runtime_init/runtime_init.c.o
                0x10008520                __pre_init_runtime_init_usb_power_down
 .preinit_array.00500
                0x10008524        0x4 CMakeFiles/hello_world.dir/pico-sdk/src/rp2_common/pico_runtime_init/runtime_init.c.o
                0x10008524                __pre_init_runtime_init_clocks
 .preinit_array.00600
                0x10008528        0x4 CMakeFiles/hello_world.dir/pico-sdk/src/rp2_common/pico_runtime_init/runtime_init.c.o
                0x10008528                __pre_init_runtime_init_post_clock_resets
 .preinit_array.01000
                0x1000852c        0x4 CMakeFiles/hello_world.dir/pico-sdk/src/rp2_common/hardware_boot_lock/boot_lock.c.o
                0x1000852c                __pre_init_runtime_init_boot_locks_reset
 .preinit_array.01000
                0x10008530        0x4 CMakeFiles/hello_world.dir/pico-sdk/src/rp2_common/pico_runtime_init/runtime_init.c.o
                0x10008530                __pre_init_runtime_init_spin_locks_reset
 .preinit_array.01010
                0x10008534        0x4 CMakeFiles/hello_world.dir/pico-sdk/src/rp2_common/pico_bootrom/bootrom_lock.c.o
                0x10008534                __pre_init_runtime_init_bootrom_locking_enable
 .preinit_array.01100
                0x10008538        0x4 CMakeFiles/hello_world.dir/pico-sdk/src/common/pico_sync/mutex.c.o
                0x10008538                __pre_init_runtime_init_mutex
 .preinit_array.10080
                0x1000853c        0x4 CMakeFiles/hello_world.dir/pico-sdk/src/rp2_common/pico_runtime_init/runtime_init.c.o
                0x1000853c                __pre_init_runtime_init_install_ram_vector_table
 .preinit_array.11000
                0x10008540        0x4 CMakeFiles/hello_world.dir/pico-sdk/src/common/pico_time/time.c.o
                0x10008540                __pre_init_runtime_init_default_alarm_pool
 .preinit_array.YYYYY
                0x10008544        0x4 CMakeFiles/hello_world.dir/pico-sdk/src/rp2_common/pico_runtime/runtime.c.o
                0x10008544                __pre_init_first_per_core_initializer
 .preinit_array.ZZZZZ.00051
                0x10008548        0x4 CMakeFiles/hello_world.dir/pico-sdk/src/rp2_common/pico_runtime_init/runtime_init.c.o
                0x10008548                __pre_init_runtime_init_per_core_bootrom_reset
 .preinit_array.ZZZZZ.00200
                0x1000854c        0x4 CMakeFiles/hello_world.dir/pico-sdk/src/rp2_common/pico_runtime_init/runtime_init.c.o
                0x1000854c                __pre_init_runtime_init_per_core_enable_coprocessors
 .preinit_array.ZZZZZ.01000
                0x10008550        0x4 CMakeFiles/hello_world.dir/pico-sdk/src/rp2_common/hardware_sync_spin_lock/sync_spin_lock.c.o
                0x10008550                __pre_init_spinlock_set_extexclall
 .preinit_array.ZZZZZ.01200
                0x10008554        0x4 CMakeFiles/hello_world.dir/pico-sdk/src/rp2_common/hardware_irq/irq.c.o
                0x10008554                __pre_init_runtime_init_per_core_irq_priorities
 *(.preinit_array)
                0x10008558                        PROVIDE (__preinit_array_end = .)
                0x10008558                        . = ALIGN (0x4)
                0x10008558                        PROVIDE (__init_array_start = .)
 *(SORT_BY_NAME(.init_array.*))
 .init_array.00000
                0x10008558        0x4 /usr/lib/gcc/arm-none-eabi/13.2.1/../../../arm-none-eabi/lib/thumb/v8-m.main+fp/softfp/libg.a(libc_a-__call_atexit.o)
 *(.init_array)
 .init_array    0x1000855c        0x4 /usr/lib/gcc/arm-none-eabi/13.2.1/thumb/v8-m.main+fp/softfp/crtbegin.o
                0x10008560                        PROVIDE (__init_array_end = .)
                0x10008560                        . = ALIGN (0x4)
                0x10008560                        PROVIDE (__fini_array_start = .)
 *(SORT_BY_NAME(.fini_array.*))
 *(.fini_array)
                0x10008560                        PROVIDE (__fini_array_end = .)
 *(.eh_frame*)
 .eh_frame      0x10008560        0x0 /usr/lib/gcc/arm-none-eabi/13.2.1/thumb/v8-m.main+fp/softfp/crtbegin.o
                0x10008560                        . = ALIGN (0x4)

.glue_7         0x10008560        0x0
 .glue_7        0x10008560        0x0 linker stubs

.glue_7t        0x10008560        0x0
 .glue_7t       0x10008560        0x0 linker stubs

.vfp11_veneer   0x10008560        0x0
 .vfp11_veneer  0x10008560        0x0 linker stubs

.v4_bx          0x10008560        0x0
 .v4_bx         0x10008560        0x0 linker stubs

.iplt           0x10008560        0x0
 .iplt          0x10008560        0x0 /usr/lib/gcc/arm-none-eabi/13.2.1/thumb/v8-m.main+fp/softfp/crtbegin.o

.boot2          0x10008560        0x0
                0x10008560                        __boot2_start__ = .
 *(.boot2)
                0x10008560                        __boot2_end__ = .
                0x00000001                        ASSERT (((__boot2_end__ - __boot2_start__) <= 0x100), ERROR: Pico second stage bootloader must be no more than 256 bytes in size)

.rodata         0x10008560      0x9b4
 *(EXCLUDE_FILE(*libm.a: *libc.a:*lib_a-mem*.o *libgcc.a:) .rodata*)
 .rodata.main.str1.4
                0x10008560      0x34c CMakeFiles/hello_world.dir/hello_world.c.o
                                 0xeb (size before relaxing)
 .rodata.panic.str1.4
                0x100088ac       0x12 CMakeFiles/hello_world.dir/pico-sdk/src/rp2_common/pico_platform_panic/panic.c.o
 .rodata.timer_hardware_alarm_claim.str1.4
                0x100088ac       0x22 CMakeFiles/hello_world.dir/pico-sdk/src/rp2_common/hardware_timer/timer.c.o
 .rodata.hard_assertion_failure.str1.4
                0x100088ac        0xc CMakeFiles/hello_world.dir/pico-sdk/src/rp2_common/pico_runtime/runtime.c.o
 .rodata.__wrap_malloc.str1.4
                0x100088ac        0xe CMakeFiles/hello_world.dir/pico-sdk/src/rp2_common/pico_malloc/malloc.c.o
 .rodata.str1.4
                0x100088ac       0x40 CMakeFiles/hello_world.dir/pico-sdk/src/rp2_common/pico_standard_binary_info/standard_binary_info.c.o
 .rodata.__bi_84
                0x100088ac        0xc CMakeFiles/hello_world.dir/pico-sdk/src/rp2_common/pico_standard_binary_info/standard_binary_info.c.o
 .rodata.__bi_78
                0x100088b8        0xc CMakeFiles/hello_world.dir/pico-sdk/src/rp2_common/pico_standard_binary_info/standard_binary_info.c.o
 .rodata.__bi_54
                0x100088c4        0xc CMakeFiles/hello_world.dir/pico-sdk/src/rp2_common/pico_standard_binary_info/standard_binary_info.c.o
 .rodata.__bi_48
                0x100088d0        0xc CMakeFiles/hello_world.dir/pico-sdk/src/rp2_common/pico_standard_binary_info/standard_binary_info.c.o
 .rodata.__bi_42
                0x100088dc        0xc CMakeFiles/hello_world.dir/pico-sdk/src/rp2_common/pico_standard_binary_info/standard_binary_info.c.o
 .rodata.__bi_34
                0x100088e8        0xc CMakeFiles/hello_world.dir/pico-sdk/src/rp2_common/pico_standard_binary_info/standard_binary_info.c.o
 .rodata.__bi_26
                0x100088f4        0xc CMakeFiles/hello_world.dir/pico-sdk/src/rp2_common/pico_standard_binary_info/standard_binary_info.c.o
 .rodata._ftoa.str1.4
                0x10008900       0x15 CMakeFiles/hello_world.dir/pico-sdk/src/rp2_common/pico_printf/printf.c.o
 .rodata.pow10.0
                0x10008900       0x50 CMakeFiles/hello_world.dir/pico-sdk/src/rp2_common/pico_printf/printf.c.o
 .rodata.crlf_str.0
                0x10008950        0x2 CMakeFiles/hello_world.dir/pico-sdk/src/rp2_common/pico_stdio/stdio.c.o
 .rodata.str1.4
                0x10008952       0x2c CMakeFiles/hello_world.dir/pico-sdk/src/rp2_common/pico_stdio_uart/stdio_uart.c.o
 *fill*         0x10008952        0x2 
 .rodata.__bi_45.4
                0x10008954        0xc CMakeFiles/hello_world.dir/pico-sdk/src/rp2_common/pico_stdio_uart/stdio_uart.c.o
 .rodata.__bi_49.5
                0x10008960        0x8 CMakeFiles/hello_world.dir/pico-sdk/src/rp2_common/pico_stdio_uart/stdio_uart.c.o
 .rodata.__bi_50.6
                0x10008968        0x8 CMakeFiles/hello_world.dir/pico-sdk/src/rp2_common/pico_stdio_uart/stdio_uart.c.o
 .rodata.get_i2c_sensor_type.str1.4
                0x10008970        0x5 CMakeFiles/hello_world.dir/pico-sdk/lib/pico-sensor-lib/src/i2c.c.o
 .rodata.str1.4
                0x10008970      0x177 CMakeFiles/hello_world.dir/pico-sdk/lib/pico-sensor-lib/src/i2c.c.o
 .rodata.i2c_sensor_types
                0x10008970      0x32c CMakeFiles/hello_world.dir/pico-sdk/lib/pico-sensor-lib/src/i2c.c.o
 .rodata.crc8_31_lookup_table
                0x10008c9c      0x100 CMakeFiles/hello_world.dir/pico-sdk/lib/pico-sensor-lib/src/crc.c.o
 .rodata.str1.4
                0x10008d9c       0x24 CMakeFiles/hello_world.dir/pico-sdk/lib/pico-sensor-lib/src/i2c_lps.c.o
 .rodata.models
                0x10008d9c       0x50 CMakeFiles/hello_world.dir/pico-sdk/lib/pico-sensor-lib/src/i2c_lps.c.o
 .rodata.lps33_init_cmds
                0x10008dec        0x5 CMakeFiles/hello_world.dir/pico-sdk/lib/pico-sensor-lib/src/i2c_lps.c.o
 *fill*         0x10008df1        0x3 
 .rodata.lps28_init_cmds
                0x10008df4        0x9 CMakeFiles/hello_world.dir/pico-sdk/lib/pico-sensor-lib/src/i2c_lps.c.o
 *fill*         0x10008dfd        0x3 
 .rodata.lps25_init_cmds
                0x10008e00        0x7 CMakeFiles/hello_world.dir/pico-sdk/lib/pico-sensor-lib/src/i2c_lps.c.o
 *fill*         0x10008e07        0x1 
 .rodata.lps22_init_cmds
                0x10008e08        0x5 CMakeFiles/hello_world.dir/pico-sdk/lib/pico-sensor-lib/src/i2c_lps.c.o
 *fill*         0x10008e0d        0x3 
 .rodata        0x10008e10      0x101 /usr/lib/gcc/arm-none-eabi/13.2.1/../../../arm-none-eabi/lib/thumb/v8-m.main+fp/softfp/libg.a(libc_a-ctype_.o)
                0x10008e10                _ctype_
 *(.srodata*)
                0x10008f14                        . = ALIGN (0x4)
 *fill*         0x10008f11        0x3 
 *(SORT_BY_ALIGNMENT(SORT_BY_NAME(.flashdata*)))
                0x10008f14                        . = ALIGN (0x4)

.ARM.extab
 *(.ARM.extab* .gnu.linkonce.armextab.*)
                0x10008f14                        __exidx_start = .

.ARM.exidx      0x10008f14        0x8
 *(.ARM.exidx* .gnu.linkonce.armexidx.*)
 .ARM.exidx     0x10008f14        0x8 /usr/lib/gcc/arm-none-eabi/13.2.1/../../../arm-none-eabi/lib/thumb/v8-m.main+fp/softfp/libg.a(libc_a-memcpy.o)
 .ARM.exidx     0x10008f1c        0x0 /usr/lib/gcc/arm-none-eabi/13.2.1/thumb/v8-m.main+fp/softfp/libgcc.a(_udivmoddi4.o)
                                  0x8 (size before relaxing)
                0x10008f1c                        __exidx_end = .
                0x10008f1c                        . = ALIGN (0x4)
                0x10008f1c                        __binary_info_start = .

.binary_info    0x10008f1c       0x28
 *(.binary_info.keep.*)
 .binary_info.keep.__bi_ptr84
                0x10008f1c        0x4 CMakeFiles/hello_world.dir/pico-sdk/src/rp2_common/pico_standard_binary_info/standard_binary_info.c.o
 .binary_info.keep.__bi_ptr78
                0x10008f20        0x4 CMakeFiles/hello_world.dir/pico-sdk/src/rp2_common/pico_standard_binary_info/standard_binary_info.c.o
 .binary_info.keep.__bi_ptr54
                0x10008f24        0x4 CMakeFiles/hello_world.dir/pico-sdk/src/rp2_common/pico_standard_binary_info/standard_binary_info.c.o
 .binary_info.keep.__bi_ptr48
                0x10008f28        0x4 CMakeFiles/hello_world.dir/pico-sdk/src/rp2_common/pico_standard_binary_info/standard_binary_info.c.o
 .binary_info.keep.__bi_ptr42
                0x10008f2c        0x4 CMakeFiles/hello_world.dir/pico-sdk/src/rp2_common/pico_standard_binary_info/standard_binary_info.c.o
 .binary_info.keep.__bi_ptr34
                0x10008f30        0x4 CMakeFiles/hello_world.dir/pico-sdk/src/rp2_common/pico_standard_binary_info/standard_binary_info.c.o
 .binary_info.keep.__bi_ptr26
                0x10008f34        0x4 CMakeFiles/hello_world.dir/pico-sdk/src/rp2_common/pico_standard_binary_info/standard_binary_info.c.o
 *(.binary_info.*)
 .binary_info.__bi_ptr50
                0x10008f38        0x4 CMakeFiles/hello_world.dir/pico-sdk/src/rp2_common/pico_stdio_uart/stdio_uart.c.o
 .binary_info.__bi_ptr49
                0x10008f3c        0x4 CMakeFiles/hello_world.dir/pico-sdk/src/rp2_common/pico_stdio_uart/stdio_uart.c.o
 .binary_info.__bi_ptr45
                0x10008f40        0x4 CMakeFiles/hello_world.dir/pico-sdk/src/rp2_common/pico_stdio_uart/stdio_uart.c.o
                0x10008f44                        __binary_info_end = .
                0x10008f44                        . = ALIGN (0x4)

.ram_vector_table
                0x20000000      0x110
 *(.ram_vector_table)
 .ram_vector_table
                0x20000000      0x110 CMakeFiles/hello_world.dir/pico-sdk/src/rp2_common/pico_runtime_init/runtime_init.c.o
                0x20000000                ram_vector_table

.uninitialized_data
                0x20000110        0x0
                0x20000110                        . = ALIGN (0x4)
 *(.uninitialized_data*)

.data           0x20000110      0xe98 load address 0x10008f44
                0x20000110                        __data_start__ = .
 *(vtable)
 *(.time_critical*)
 .time_critical.mutex_enter_block_until
                0x20000110       0x70 CMakeFiles/hello_world.dir/pico-sdk/src/common/pico_sync/mutex.c.o
                0x20000110                mutex_enter_block_until
 .time_critical.mutex_try_enter_block_until
                0x20000180       0x6c CMakeFiles/hello_world.dir/pico-sdk/src/common/pico_sync/mutex.c.o
                0x20000180                mutex_try_enter_block_until
 .time_critical.mutex_exit
                0x200001ec       0x3c CMakeFiles/hello_world.dir/pico-sdk/src/common/pico_sync/mutex.c.o
                0x200001ec                mutex_exit
 *(.text*)
 .text          0x20000228      0x378 /usr/lib/gcc/arm-none-eabi/13.2.1/thumb/v8-m.main+fp/softfp/libgcc.a(_arm_addsubdf3.o)
                0x20000228                __aeabi_drsub
                0x20000230                __aeabi_dsub
                0x20000230                __subdf3
                0x20000234                __adddf3
                0x20000234                __aeabi_dadd
                0x200004ac                __aeabi_ui2d
                0x200004ac                __floatunsidf
                0x200004cc                __floatsidf
                0x200004cc                __aeabi_i2d
                0x200004f0                __extendsfdf2
                0x200004f0                __aeabi_f2d
                0x20000534                __aeabi_ul2d
                0x20000534                __floatundidf
                0x20000544                __floatdidf
                0x20000544                __aeabi_l2d
 .text          0x200005a0       0xa0 /usr/lib/gcc/arm-none-eabi/13.2.1/thumb/v8-m.main+fp/softfp/libgcc.a(_aeabi_ldivmod.o)
                0x200005a0                __aeabi_ldivmod
 .text          0x20000640       0x30 /usr/lib/gcc/arm-none-eabi/13.2.1/thumb/v8-m.main+fp/softfp/libgcc.a(_aeabi_uldivmod.o)
                0x20000640                __aeabi_uldivmod
 .text          0x20000670      0x300 /usr/lib/gcc/arm-none-eabi/13.2.1/thumb/v8-m.main+fp/softfp/libgcc.a(_udivmoddi4.o)
                0x20000670                __udivmoddi4
 .text          0x20000970        0x4 /usr/lib/gcc/arm-none-eabi/13.2.1/thumb/v8-m.main+fp/softfp/libgcc.a(_dvmd_tls.o)
                0x20000970                __aeabi_ldiv0
                0x20000970                __aeabi_idiv0
 *fill*         0x20000974        0x4 
 .text.__stub   0x20000978        0x8 linker stubs
                0x20000980                        . = ALIGN (0x4)
 *(.rodata*)
                0x20000980                        . = ALIGN (0x4)
 *(.data*)
 .data.striped_spin_lock_num
                0x20000980        0x1 CMakeFiles/hello_world.dir/pico-sdk/src/rp2_common/hardware_sync/sync.c.o
 *fill*         0x20000981        0x3 
 .data          0x20000984       0x48 CMakeFiles/hello_world.dir/pico-sdk/src/rp2_common/hardware_irq/irq_handler_chain.S.o
                0x20000984                irq_handler_chain_slots
                0x200009b4                irq_handler_chain_first_slot
                0x200009be                irq_handler_chain_remove_tail
 .data.default_alarm_pool
                0x200009cc       0x18 CMakeFiles/hello_world.dir/pico-sdk/src/common/pico_time/time.c.o
 .data.stdio_uart
                0x200009e4       0x18 CMakeFiles/hello_world.dir/pico-sdk/src/rp2_common/pico_stdio_uart/stdio_uart.c.o
                0x200009e4                stdio_uart
 .data.i2c_current_baudrate
                0x200009fc        0x4 CMakeFiles/hello_world.dir/pico-sdk/lib/pico-sensor-lib/src/i2c.c.o
 .data.tc74_aliases
                0x20000a00        0x8 CMakeFiles/hello_world.dir/pico-sdk/lib/pico-sensor-lib/src/i2c.c.o
 .data.sht4x_aliases
                0x20000a08       0x14 CMakeFiles/hello_world.dir/pico-sdk/lib/pico-sensor-lib/src/i2c.c.o
 .data.sht3x_aliases
                0x20000a1c       0x10 CMakeFiles/hello_world.dir/pico-sdk/lib/pico-sensor-lib/src/i2c.c.o
 .data.lps_aliases
                0x20000a2c       0x18 CMakeFiles/hello_world.dir/pico-sdk/lib/pico-sensor-lib/src/i2c.c.o
 .data.hdc302x_aliases
                0x20000a44       0x10 CMakeFiles/hello_world.dir/pico-sdk/lib/pico-sensor-lib/src/i2c.c.o
 .data.as621x_aliases
                0x20000a54       0x10 CMakeFiles/hello_world.dir/pico-sdk/lib/pico-sensor-lib/src/i2c.c.o
 *fill*         0x20000a64        0x4 
 .data          0x20000a68      0x128 /usr/lib/gcc/arm-none-eabi/13.2.1/../../../arm-none-eabi/lib/thumb/v8-m.main+fp/softfp/libg.a(libc_a-impure.o)
                0x20000a68                _impure_ptr
                0x20000a70                _impure_data
 .data          0x20000b90      0x410 /usr/lib/gcc/arm-none-eabi/13.2.1/../../../arm-none-eabi/lib/thumb/v8-m.main+fp/softfp/libg.a(libc_a-mallocr.o)
                0x20000b90                __malloc_av_
                0x20000f98                __malloc_sbrk_base
                0x20000f9c                __malloc_trim_threshold
 *(.sdata*)
                0x20000fa0                        . = ALIGN (0x4)
 *(.after_data.*)
                0x20000fa0                        . = ALIGN (0x4)
                0x20000fa0                        PROVIDE (__mutex_array_start = .)
 *(SORT_BY_NAME(.mutex_array.*))
 *(.mutex_array)
 .mutex_array   0x20000fa0        0x8 CMakeFiles/hello_world.dir/pico-sdk/src/rp2_common/pico_stdio/stdio.c.o
                0x20000fa8                        PROVIDE (__mutex_array_end = .)
 *(.jcr)
                0x20000fa8                        . = ALIGN (0x4)

.tm_clone_table
                0x20000fa8        0x0 load address 0x10009ddc
 .tm_clone_table
                0x20000fa8        0x0 /usr/lib/gcc/arm-none-eabi/13.2.1/thumb/v8-m.main+fp/softfp/crtbegin.o
 .tm_clone_table
                0x20000fa8        0x0 /usr/lib/gcc/arm-none-eabi/13.2.1/thumb/v8-m.main+fp/softfp/crtend.o

.igot.plt       0x20000fa8        0x0 load address 0x10009ddc
 .igot.plt      0x20000fa8        0x0 /usr/lib/gcc/arm-none-eabi/13.2.1/thumb/v8-m.main+fp/softfp/crtbegin.o

.tdata          0x20000fa8        0x0 load address 0x10009ddc
                0x20000fa8                        . = ALIGN (0x4)
 *(.tdata .tdata.* .gnu.linkonce.td.*)
                0x20000fa8                        __tdata_end = .
                0x20000fa8                        PROVIDE (__data_end__ = .)
                0x10008f44                        __etext = LOADADDR (.data)

.tbss           0x20000fa8        0x0 load address 0x10009ddc
                0x20000fa8                        . = ALIGN (0x4)
                0x20000fa8                        __bss_start__ = .
                0x20000fa8                        __tls_base = .
 *(.tbss .tbss.* .gnu.linkonce.tb.*)
 *(.tcommon)
                0x20000fa8                        __tls_end = .

.bss            0x20000fa8      0x538 load address 0x10009ddc
                0x20000fa8                        . = ALIGN (0x4)
                0x20000fa8                        __tbss_end = .
 *(SORT_BY_ALIGNMENT(SORT_BY_NAME(.bss*)))
 .bss.default_alarm_pool_entries
                0x20000fa8      0x180 CMakeFiles/hello_world.dir/pico-sdk/src/common/pico_time/time.c.o
 .bss           0x20001128       0x1c /usr/lib/gcc/arm-none-eabi/13.2.1/thumb/v8-m.main+fp/softfp/crtbegin.o
 .bss           0x20001144       0x34 /usr/lib/gcc/arm-none-eabi/13.2.1/../../../arm-none-eabi/lib/thumb/v8-m.main+fp/softfp/libg.a(libc_a-mallocr.o)
                0x20001144                __malloc_top_pad
                0x20001148                __malloc_current_mallinfo
                0x20001170                __malloc_max_sbrked_mem
                0x20001174                __malloc_max_total_mem
 .bss           0x20001178      0x13c /usr/lib/gcc/arm-none-eabi/13.2.1/../../../arm-none-eabi/lib/thumb/v8-m.main+fp/softfp/libg.a(libc_a-findfp.o)
                0x20001178                __sf
                0x200012b0                __stdio_exit_handler
 .bss           0x200012b4        0x4 /usr/lib/gcc/arm-none-eabi/13.2.1/../../../arm-none-eabi/lib/thumb/v8-m.main+fp/softfp/libg.a(libc_a-reent.o)
                0x200012b4                errno
 .bss           0x200012b8      0x190 /usr/lib/gcc/arm-none-eabi/13.2.1/../../../arm-none-eabi/lib/thumb/v8-m.main+fp/softfp/libg.a(libc_a-__atexit.o)
                0x200012b8                __atexit0
 .bss           0x20001448        0x4 /usr/lib/gcc/arm-none-eabi/13.2.1/../../../arm-none-eabi/lib/thumb/v8-m.main+fp/softfp/libg.a(libc_a-__call_atexit.o)
                0x20001448                __atexit
 .bss._sw_spin_locks
                0x2000144c       0x20 CMakeFiles/hello_world.dir/pico-sdk/src/rp2_common/hardware_sync_spin_lock/sync_spin_lock.c.o
                0x2000144c                _sw_spin_locks
 .bss.chars_available_callback
                0x2000146c        0x4 CMakeFiles/hello_world.dir/pico-sdk/src/rp2_common/pico_stdio_uart/stdio_uart.c.o
 .bss.chars_available_param
                0x20001470        0x4 CMakeFiles/hello_world.dir/pico-sdk/src/rp2_common/pico_stdio_uart/stdio_uart.c.o
 .bss.claimed   0x20001474        0x2 CMakeFiles/hello_world.dir/pico-sdk/src/rp2_common/hardware_timer/timer.c.o
 *fill*         0x20001476        0x2 
 .bss.configured_freq
                0x20001478       0x28 CMakeFiles/hello_world.dir/pico-sdk/src/rp2_common/hardware_clocks/clocks.c.o
 .bss.drivers   0x200014a0        0x4 CMakeFiles/hello_world.dir/pico-sdk/src/rp2_common/pico_stdio/stdio.c.o
 .bss.filter    0x200014a4        0x4 CMakeFiles/hello_world.dir/pico-sdk/src/rp2_common/pico_stdio/stdio.c.o
 .bss.heap_end.0
                0x200014a8        0x4 CMakeFiles/hello_world.dir/pico-sdk/src/rp2_common/pico_clib_interface/newlib_interface.c.o
 .bss.lazy_vsnprintf
                0x200014ac        0x4 CMakeFiles/hello_world.dir/pico-sdk/src/rp2_common/pico_printf/printf.c.o
 .bss.pools     0x200014b0       0x20 CMakeFiles/hello_world.dir/pico-sdk/src/common/pico_time/time.c.o
 .bss.sleep_notifier
                0x200014d0        0x4 CMakeFiles/hello_world.dir/pico-sdk/src/common/pico_time/time.c.o
 .bss.uart_char_to_line_feed
                0x200014d4        0x4 CMakeFiles/hello_world.dir/pico-sdk/src/rp2_common/hardware_uart/uart.c.o
                0x200014d4                uart_char_to_line_feed
 .bss.uart_instance
                0x200014d8        0x4 CMakeFiles/hello_world.dir/pico-sdk/src/rp2_common/pico_stdio_uart/stdio_uart.c.o
 .bss.irq_handler_chain_free_slot_head
                0x200014dc        0x1 CMakeFiles/hello_world.dir/pico-sdk/src/rp2_common/hardware_irq/irq.c.o
 *(COMMON)
                [!provide]                        PROVIDE (__global_pointer$ = (. + 0x800))
 *(.sbss*)
                0x200014e0                        . = ALIGN (0x4)
 *fill*         0x200014dd        0x3 
                0x200014e0                        __bss_end__ = .

.heap           0x200014e0      0x800 load address 0x10009ddc
                0x200014e0                        __end__ = .
                0x200014e0                        end = __end__
 *(.heap*)
 .heap          0x200014e0      0x800 CMakeFiles/hello_world.dir/pico-sdk/src/rp2_common/pico_crt0/crt0.S.o
                0x20080000                        __HeapLimit = (ORIGIN (RAM) + LENGTH (RAM))

.scratch_x      0x20080000        0x0 load address 0x10009ddc
                0x20080000                        __scratch_x_start__ = .
 *(.scratch_x.*)
                0x20080000                        . = ALIGN (0x4)
                0x20080000                        __scratch_x_end__ = .
                0x10009ddc                        __scratch_x_source__ = LOADADDR (.scratch_x)

.scratch_y      0x20081000        0x0 load address 0x10009ddc
                0x20081000                        __scratch_y_start__ = .
 *(.scratch_y.*)
                0x20081000                        . = ALIGN (0x4)
                0x20081000                        __scratch_y_end__ = .
                0x10009ddc                        __scratch_y_source__ = LOADADDR (.scratch_y)

.stack1_dummy
 *(.stack1*)

.stack_dummy    0x20081000      0x800
 *(.stack*)
 .stack         0x20081000      0x800 CMakeFiles/hello_world.dir/pico-sdk/src/rp2_common/pico_crt0/crt0.S.o

.flash_end      0x10009ddc       0x14
 *(.embedded_end_block*)
 .embedded_end_block
                0x10009ddc       0x14 CMakeFiles/hello_world.dir/pico-sdk/src/rp2_common/pico_crt0/crt0.S.o
                0x10009df0                        PROVIDE (__flash_binary_end = .)
                0x20080000                        __StackLimit = (ORIGIN (RAM) + LENGTH (RAM))
                0x20081000                        __StackOneTop = (ORIGIN (SCRATCH_X) + LENGTH (SCRATCH_X))
                0x20082000                        __StackTop = (ORIGIN (SCRATCH_Y) + LENGTH (SCRATCH_Y))
                0x20081000                        __StackOneBottom = (__StackOneTop - SIZEOF (.stack1_dummy))
                0x20081800                        __StackBottom = (__StackTop - SIZEOF (.stack_dummy))
                0x20082000                        PROVIDE (__stack = __StackTop)
                [!provide]                        PROVIDE (__heap_start = __end__)
                [!provide]                        PROVIDE (__heap_end = __HeapLimit)
                [!provide]                        PROVIDE (__tls_align = MAX (ALIGNOF (.tdata), ALIGNOF (.tbss)))
                [!provide]                        PROVIDE (__tls_size_align = (((__tls_size + __tls_align) - 0x1) & ~ ((__tls_align - 0x1))))
                [!provide]                        PROVIDE (__arm32_tls_tcb_offset = MAX (0x8, __tls_align))
                [!provide]                        PROVIDE (_end = __end__)
                [!provide]                        PROVIDE (__llvm_libc_heap_limit = __HeapLimit)
                0x00000001                        ASSERT ((__StackLimit >= __HeapLimit), region RAM overflowed)
                0x00000001                        ASSERT (((__binary_info_header_end - __logical_binary_start) <= 0x400), Binary info must be in first 1024 bytes of the binary)
                0x00000001                        ASSERT (((__embedded_block_end - __logical_binary_start) <= 0x1000), Embedded block must be in first 4096 bytes of the binary)
LOAD CMakeFiles/hello_world.dir/hello_world.c.o
LOAD CMakeFiles/hello_world.dir/pico-sdk/src/rp2_common/pico_stdlib/stdlib.c.o
LOAD CMakeFiles/hello_world.dir/pico-sdk/src/rp2_common/hardware_gpio/gpio.c.o
LOAD CMakeFiles/hello_world.dir/pico-sdk/src/rp2350/pico_platform/platform.c.o
LOAD CMakeFiles/hello_world.dir/pico-sdk/src/rp2_common/pico_platform_common/common.c.o
LOAD CMakeFiles/hello_world.dir/pico-sdk/src/rp2_common/pico_platform_panic/panic.c.o
LOAD CMakeFiles/hello_world.dir/pico-sdk/src/common/hardware_claim/claim.c.o
LOAD CMakeFiles/hello_world.dir/pico-sdk/src/rp2_common/hardware_sync/sync.c.o
LOAD CMakeFiles/hello_world.dir/pico-sdk/src/rp2_common/hardware_sync_spin_lock/sync_spin_lock.c.o
LOAD CMakeFiles/hello_world.dir/pico-sdk/src/rp2_common/hardware_irq/irq.c.o
LOAD CMakeFiles/hello_world.dir/pico-sdk/src/rp2_common/hardware_irq/irq_handler_chain.S.o
LOAD CMakeFiles/hello_world.dir/pico-sdk/src/common/pico_sync/sem.c.o
LOAD CMakeFiles/hello_world.dir/pico-sdk/src/common/pico_sync/lock_core.c.o
LOAD CMakeFiles/hello_world.dir/pico-sdk/src/common/pico_sync/mutex.c.o
LOAD CMakeFiles/hello_world.dir/pico-sdk/src/common/pico_sync/critical_section.c.o
LOAD CMakeFiles/hello_world.dir/pico-sdk/src/common/pico_time/time.c.o
LOAD CMakeFiles/hello_world.dir/pico-sdk/src/common/pico_time/timeout_helper.c.o
LOAD CMakeFiles/hello_world.dir/pico-sdk/src/rp2_common/hardware_timer/timer.c.o
LOAD CMakeFiles/hello_world.dir/pico-sdk/src/common/pico_util/datetime.c.o
LOAD CMakeFiles/hello_world.dir/pico-sdk/src/common/pico_util/pheap.c.o
LOAD CMakeFiles/hello_world.dir/pico-sdk/src/common/pico_util/queue.c.o
LOAD CMakeFiles/hello_world.dir/pico-sdk/src/rp2_common/hardware_uart/uart.c.o
LOAD CMakeFiles/hello_world.dir/pico-sdk/src/rp2_common/hardware_clocks/clocks.c.o
LOAD CMakeFiles/hello_world.dir/pico-sdk/src/rp2_common/hardware_pll/pll.c.o
LOAD CMakeFiles/hello_world.dir/pico-sdk/src/rp2_common/hardware_vreg/vreg.c.o
LOAD CMakeFiles/hello_world.dir/pico-sdk/src/rp2_common/hardware_watchdog/watchdog.c.o
LOAD CMakeFiles/hello_world.dir/pico-sdk/src/rp2_common/hardware_ticks/ticks.c.o
LOAD CMakeFiles/hello_world.dir/pico-sdk/src/rp2_common/pico_bootrom/bootrom.c.o
LOAD CMakeFiles/hello_world.dir/pico-sdk/src/rp2_common/pico_bootrom/bootrom_lock.c.o
LOAD CMakeFiles/hello_world.dir/pico-sdk/src/rp2_common/hardware_boot_lock/boot_lock.c.o
LOAD CMakeFiles/hello_world.dir/pico-sdk/src/rp2_common/pico_flash/flash.c.o
LOAD CMakeFiles/hello_world.dir/pico-sdk/src/rp2_common/hardware_xosc/xosc.c.o
LOAD CMakeFiles/hello_world.dir/pico-sdk/src/rp2_common/hardware_divider/divider.c.o
LOAD CMakeFiles/hello_world.dir/pico-sdk/src/rp2_common/pico_runtime/runtime.c.o
LOAD CMakeFiles/hello_world.dir/pico-sdk/src/rp2_common/pico_runtime_init/runtime_init.c.o
LOAD CMakeFiles/hello_world.dir/pico-sdk/src/rp2_common/pico_runtime_init/runtime_init_clocks.c.o
LOAD CMakeFiles/hello_world.dir/pico-sdk/src/rp2_common/pico_runtime_init/runtime_init_stack_guard.c.o
LOAD CMakeFiles/hello_world.dir/pico-sdk/src/rp2_common/pico_bit_ops/bit_ops_aeabi.S.o
LOAD CMakeFiles/hello_world.dir/pico-sdk/src/rp2_common/pico_divider/divider_compiler.c.o
LOAD CMakeFiles/hello_world.dir/pico-sdk/src/rp2_common/pico_double/double_math.c.o
LOAD CMakeFiles/hello_world.dir/pico-sdk/src/rp2_common/pico_double/double_aeabi_dcp.S.o
LOAD CMakeFiles/hello_world.dir/pico-sdk/src/rp2_common/pico_double/double_fma_dcp.S.o
LOAD CMakeFiles/hello_world.dir/pico-sdk/src/rp2_common/pico_double/double_sci_m33.S.o
LOAD CMakeFiles/hello_world.dir/pico-sdk/src/rp2_common/pico_double/double_conv_m33.S.o
LOAD CMakeFiles/hello_world.dir/pico-sdk/src/rp2_common/pico_float/float_math.c.o
LOAD CMakeFiles/hello_world.dir/pico-sdk/src/rp2_common/pico_float/float_conv32_vfp.S.o
LOAD CMakeFiles/hello_world.dir/pico-sdk/src/rp2_common/pico_float/float_common_m33.S.o
LOAD CMakeFiles/hello_world.dir/pico-sdk/src/rp2_common/pico_float/float_sci_m33_vfp.S.o
LOAD CMakeFiles/hello_world.dir/pico-sdk/src/rp2_common/pico_malloc/malloc.c.o
LOAD CMakeFiles/hello_world.dir/pico-sdk/src/rp2_common/pico_atomic/atomic.c.o
LOAD CMakeFiles/hello_world.dir/pico-sdk/src/rp2_common/pico_cxx_options/new_delete.cpp.o
LOAD CMakeFiles/hello_world.dir/pico-sdk/src/rp2_common/pico_standard_binary_info/standard_binary_info.c.o
LOAD CMakeFiles/hello_world.dir/pico-sdk/src/rp2_common/pico_printf/printf.c.o
LOAD CMakeFiles/hello_world.dir/pico-sdk/src/rp2_common/pico_crt0/crt0.S.o
LOAD CMakeFiles/hello_world.dir/pico-sdk/src/rp2_common/pico_clib_interface/newlib_interface.c.o
LOAD CMakeFiles/hello_world.dir/pico-sdk/src/rp2_common/pico_stdio/stdio.c.o
LOAD CMakeFiles/hello_world.dir/pico-sdk/src/rp2_common/pico_stdio_uart/stdio_uart.c.o
LOAD CMakeFiles/hello_world.dir/pico-sdk/lib/pico-sensor-lib/src/i2c.c.o
LOAD CMakeFiles/hello_world.dir/pico-sdk/lib/pico-sensor-lib/src/crc.c.o
LOAD CMakeFiles/hello_world.dir/pico-sdk/lib/pico-sensor-lib/src/i2c_adt7410.c.o
LOAD CMakeFiles/hello_world.dir/pico-sdk/lib/pico-sensor-lib/src/i2c_aht.c.o
LOAD CMakeFiles/hello_world.dir/pico-sdk/lib/pico-sensor-lib/src/i2c_am2320.c.o
LOAD CMakeFiles/hello_world.dir/pico-sdk/lib/pico-sensor-lib/src/i2c_as621x.c.o
LOAD CMakeFiles/hello_world.dir/pico-sdk/lib/pico-sensor-lib/src/i2c_bmp180.c.o
LOAD CMakeFiles/hello_world.dir/pico-sdk/lib/pico-sensor-lib/src/i2c_bmp280.c.o
LOAD CMakeFiles/hello_world.dir/pico-sdk/lib/pico-sensor-lib/src/i2c_dps310.c.o
LOAD CMakeFiles/hello_world.dir/pico-sdk/lib/pico-sensor-lib/src/i2c_hdc302x.c.o
LOAD CMakeFiles/hello_world.dir/pico-sdk/lib/pico-sensor-lib/src/i2c_htu21d.c.o
LOAD CMakeFiles/hello_world.dir/pico-sdk/lib/pico-sensor-lib/src/i2c_htu31d.c.o
LOAD CMakeFiles/hello_world.dir/pico-sdk/lib/pico-sensor-lib/src/i2c_hts221.c.o
LOAD CMakeFiles/hello_world.dir/pico-sdk/lib/pico-sensor-lib/src/i2c_lps.c.o
LOAD CMakeFiles/hello_world.dir/pico-sdk/lib/pico-sensor-lib/src/i2c_mcp9808.c.o
LOAD CMakeFiles/hello_world.dir/pico-sdk/lib/pico-sensor-lib/src/i2c_mpl115a2.c.o
LOAD CMakeFiles/hello_world.dir/pico-sdk/lib/pico-sensor-lib/src/i2c_mpl3115a2.c.o
LOAD CMakeFiles/hello_world.dir/pico-sdk/lib/pico-sensor-lib/src/i2c_ms5611.c.o
LOAD CMakeFiles/hello_world.dir/pico-sdk/lib/pico-sensor-lib/src/i2c_ms8607.c.o
LOAD CMakeFiles/hello_world.dir/pico-sdk/lib/pico-sensor-lib/src/i2c_pct2075.c.o
LOAD CMakeFiles/hello_world.dir/pico-sdk/lib/pico-sensor-lib/src/i2c_shtc3.c.o
LOAD CMakeFiles/hello_world.dir/pico-sdk/lib/pico-sensor-lib/src/i2c_sht3x.c.o
LOAD CMakeFiles/hello_world.dir/pico-sdk/lib/pico-sensor-lib/src/i2c_sht4x.c.o
LOAD CMakeFiles/hello_world.dir/pico-sdk/lib/pico-sensor-lib/src/i2c_si7021.c.o
LOAD CMakeFiles/hello_world.dir/pico-sdk/lib/pico-sensor-lib/src/i2c_stts22h.c.o
LOAD CMakeFiles/hello_world.dir/pico-sdk/lib/pico-sensor-lib/src/i2c_tc74.c.o
LOAD CMakeFiles/hello_world.dir/pico-sdk/lib/pico-sensor-lib/src/i2c_tmp102.c.o
LOAD CMakeFiles/hello_world.dir/pico-sdk/lib/pico-sensor-lib/src/i2c_tmp117.c.o
LOAD CMakeFiles/hello_world.dir/pico-sdk/src/rp2_common/hardware_i2c/i2c.c.o
LOAD pico-sdk/src/rp2350/boot_stage2/CMakeFiles/bs2_default_library.dir/bs2_default_padded_checksummed.S.o
LOAD /usr/lib/gcc/arm-none-eabi/13.2.1/../../../arm-none-eabi/lib/thumb/v8-m.main+fp/softfp/libstdc++.a
LOAD /usr/lib/gcc/arm-none-eabi/13.2.1/../../../arm-none-eabi/lib/thumb/v8-m.main+fp/softfp/libm.a
START GROUP
LOAD /usr/lib/gcc/arm-none-eabi/13.2.1/thumb/v8-m.main+fp/softfp/libgcc.a
LOAD /usr/lib/gcc/arm-none-eabi/13.2.1/../../../arm-none-eabi/lib/thumb/v8-m.main+fp/softfp/libg.a
LOAD /usr/lib/gcc/arm-none-eabi/13.2.1/../../../arm-none-eabi/lib/thumb/v8-m.main+fp/softfp/libc.a
END GROUP
START GROUP
LOAD /usr/lib/gcc/arm-none-eabi/13.2.1/thumb/v8-m.main+fp/softfp/libgcc.a
LOAD /usr/lib/gcc/arm-none-eabi/13.2.1/../../../arm-none-eabi/lib/thumb/v8-m.main+fp/softfp/libc.a
LOAD /usr/lib/gcc/arm-none-eabi/13.2.1/../../../arm-none-eabi/lib/thumb/v8-m.main+fp/softfp/libnosys.a
END GROUP
LOAD /usr/lib/gcc/arm-none-eabi/13.2.1/thumb/v8-m.main+fp/softfp/crtend.o
LOAD /usr/lib/gcc/arm-none-eabi/13.2.1/thumb/v8-m.main+fp/softfp/crtn.o
OUTPUT(hello_world.elf elf32-littlearm)
LOAD linker stubs

.rel.dyn        0x10009df0        0x0
 .rel.iplt      0x10009df0        0x0 /usr/lib/gcc/arm-none-eabi/13.2.1/thumb/v8-m.main+fp/softfp/crtbegin.o

.ARM.attributes
                0x00000000       0x34
 .ARM.attributes
                0x00000000       0x26 /usr/lib/gcc/arm-none-eabi/13.2.1/thumb/v8-m.main+fp/softfp/crti.o
 .ARM.attributes
                0x00000026       0x36 /usr/lib/gcc/arm-none-eabi/13.2.1/thumb/v8-m.main+fp/softfp/crtbegin.o
 .ARM.attributes
                0x0000005c       0x38 CMakeFiles/hello_world.dir/hello_world.c.o
 .ARM.attributes
                0x00000094       0x38 CMakeFiles/hello_world.dir/pico-sdk/src/rp2_common/pico_stdlib/stdlib.c.o
 .ARM.attributes
                0x000000cc       0x38 CMakeFiles/hello_world.dir/pico-sdk/src/rp2_common/hardware_gpio/gpio.c.o
 .ARM.attributes
                0x00000104       0x38 CMakeFiles/hello_world.dir/pico-sdk/src/rp2_common/pico_platform_panic/panic.c.o
 .ARM.attributes
                0x0000013c       0x38 CMakeFiles/hello_world.dir/pico-sdk/src/common/hardware_claim/claim.c.o
 .ARM.attributes
                0x00000174       0x38 CMakeFiles/hello_world.dir/pico-sdk/src/rp2_common/hardware_sync/sync.c.o
 .ARM.attributes
                0x000001ac       0x38 CMakeFiles/hello_world.dir/pico-sdk/src/rp2_common/hardware_sync_spin_lock/sync_spin_lock.c.o
 .ARM.attributes
                0x000001e4       0x38 CMakeFiles/hello_world.dir/pico-sdk/src/rp2_common/hardware_irq/irq.c.o
 .ARM.attributes
                0x0000021c       0x28 CMakeFiles/hello_world.dir/pico-sdk/src/rp2_common/hardware_irq/irq_handler_chain.S.o
 .ARM.attributes
                0x00000244       0x38 CMakeFiles/hello_world.dir/pico-sdk/src/common/pico_sync/lock_core.c.o
 .ARM.attributes
                0x0000027c       0x38 CMakeFiles/hello_world.dir/pico-sdk/src/common/pico_sync/mutex.c.o
 .ARM.attributes
                0x000002b4       0x38 CMakeFiles/hello_world.dir/pico-sdk/src/common/pico_time/time.c.o
 .ARM.attributes
                0x000002ec       0x38 CMakeFiles/hello_world.dir/pico-sdk/src/common/pico_time/timeout_helper.c.o
 .ARM.attributes
                0x00000324       0x38 CMakeFiles/hello_world.dir/pico-sdk/src/rp2_common/hardware_timer/timer.c.o
 .ARM.attributes
                0x0000035c       0x38 CMakeFiles/hello_world.dir/pico-sdk/src/rp2_common/hardware_uart/uart.c.o
 .ARM.attributes
                0x00000394       0x38 CMakeFiles/hello_world.dir/pico-sdk/src/rp2_common/hardware_clocks/clocks.c.o
 .ARM.attributes
                0x000003cc       0x38 CMakeFiles/hello_world.dir/pico-sdk/src/rp2_common/hardware_pll/pll.c.o
 .ARM.attributes
                0x00000404       0x38 CMakeFiles/hello_world.dir/pico-sdk/src/rp2_common/hardware_ticks/ticks.c.o
 .ARM.attributes
                0x0000043c       0x38 CMakeFiles/hello_world.dir/pico-sdk/src/rp2_common/pico_bootrom/bootrom.c.o
 .ARM.attributes
                0x00000474       0x38 CMakeFiles/hello_world.dir/pico-sdk/src/rp2_common/pico_bootrom/bootrom_lock.c.o
 .ARM.attributes
                0x000004ac       0x38 CMakeFiles/hello_world.dir/pico-sdk/src/rp2_common/hardware_boot_lock/boot_lock.c.o
 .ARM.attributes
                0x000004e4       0x38 CMakeFiles/hello_world.dir/pico-sdk/src/rp2_common/hardware_xosc/xosc.c.o
 .ARM.attributes
                0x0000051c       0x38 CMakeFiles/hello_world.dir/pico-sdk/src/rp2_common/pico_runtime/runtime.c.o
 .ARM.attributes
                0x00000554       0x38 CMakeFiles/hello_world.dir/pico-sdk/src/rp2_common/pico_runtime_init/runtime_init.c.o
 .ARM.attributes
                0x0000058c       0x38 CMakeFiles/hello_world.dir/pico-sdk/src/rp2_common/pico_runtime_init/runtime_init_clocks.c.o
 .ARM.attributes
                0x000005c4       0x28 CMakeFiles/hello_world.dir/pico-sdk/src/rp2_common/pico_double/double_aeabi_dcp.S.o
 .ARM.attributes
                0x000005ec       0x38 CMakeFiles/hello_world.dir/pico-sdk/src/rp2_common/pico_malloc/malloc.c.o
 .ARM.attributes
                0x00000624       0x38 CMakeFiles/hello_world.dir/pico-sdk/src/rp2_common/pico_standard_binary_info/standard_binary_info.c.o
 .ARM.attributes
                0x0000065c       0x38 CMakeFiles/hello_world.dir/pico-sdk/src/rp2_common/pico_printf/printf.c.o
 .ARM.attributes
                0x00000694       0x28 CMakeFiles/hello_world.dir/pico-sdk/src/rp2_common/pico_crt0/crt0.S.o
 .ARM.attributes
                0x000006bc       0x38 CMakeFiles/hello_world.dir/pico-sdk/src/rp2_common/pico_clib_interface/newlib_interface.c.o
 .ARM.attributes
                0x000006f4       0x38 CMakeFiles/hello_world.dir/pico-sdk/src/rp2_common/pico_stdio/stdio.c.o
 .ARM.attributes
                0x0000072c       0x38 CMakeFiles/hello_world.dir/pico-sdk/src/rp2_common/pico_stdio_uart/stdio_uart.c.o
 .ARM.attributes
                0x00000764       0x38 CMakeFiles/hello_world.dir/pico-sdk/lib/pico-sensor-lib/src/i2c.c.o
 .ARM.attributes
                0x0000079c       0x38 CMakeFiles/hello_world.dir/pico-sdk/lib/pico-sensor-lib/src/crc.c.o
 .ARM.attributes
                0x000007d4       0x38 CMakeFiles/hello_world.dir/pico-sdk/lib/pico-sensor-lib/src/i2c_adt7410.c.o
 .ARM.attributes
                0x0000080c       0x38 CMakeFiles/hello_world.dir/pico-sdk/lib/pico-sensor-lib/src/i2c_aht.c.o
 .ARM.attributes
                0x00000844       0x38 CMakeFiles/hello_world.dir/pico-sdk/lib/pico-sensor-lib/src/i2c_am2320.c.o
 .ARM.attributes
                0x0000087c       0x38 CMakeFiles/hello_world.dir/pico-sdk/lib/pico-sensor-lib/src/i2c_as621x.c.o
 .ARM.attributes
                0x000008b4       0x38 CMakeFiles/hello_world.dir/pico-sdk/lib/pico-sensor-lib/src/i2c_bmp180.c.o
 .ARM.attributes
                0x000008ec       0x38 CMakeFiles/hello_world.dir/pico-sdk/lib/pico-sensor-lib/src/i2c_bmp280.c.o
 .ARM.attributes
                0x00000924       0x38 CMakeFiles/hello_world.dir/pico-sdk/lib/pico-sensor-lib/src/i2c_dps310.c.o
 .ARM.attributes
                0x0000095c       0x38 CMakeFiles/hello_world.dir/pico-sdk/lib/pico-sensor-lib/src/i2c_hdc302x.c.o
 .ARM.attributes
                0x00000994       0x38 CMakeFiles/hello_world.dir/pico-sdk/lib/pico-sensor-lib/src/i2c_htu21d.c.o
 .ARM.attributes
                0x000009cc       0x38 CMakeFiles/hello_world.dir/pico-sdk/lib/pico-sensor-lib/src/i2c_htu31d.c.o
 .ARM.attributes
                0x00000a04       0x38 CMakeFiles/hello_world.dir/pico-sdk/lib/pico-sensor-lib/src/i2c_hts221.c.o
 .ARM.attributes
                0x00000a3c       0x38 CMakeFiles/hello_world.dir/pico-sdk/lib/pico-sensor-lib/src/i2c_lps.c.o
 .ARM.attributes
                0x00000a74       0x38 CMakeFiles/hello_world.dir/pico-sdk/lib/pico-sensor-lib/src/i2c_mcp9808.c.o
 .ARM.attributes
                0x00000aac       0x38 CMakeFiles/hello_world.dir/pico-sdk/lib/pico-sensor-lib/src/i2c_mpl115a2.c.o
 .ARM.attributes
                0x00000ae4       0x38 CMakeFiles/hello_world.dir/pico-sdk/lib/pico-sensor-lib/src/i2c_mpl3115a2.c.o
 .ARM.attributes
                0x00000b1c       0x38 CMakeFiles/hello_world.dir/pico-sdk/lib/pico-sensor-lib/src/i2c_ms5611.c.o
 .ARM.attributes
                0x00000b54       0x38 CMakeFiles/hello_world.dir/pico-sdk/lib/pico-sensor-lib/src/i2c_ms8607.c.o
 .ARM.attributes
                0x00000b8c       0x38 CMakeFiles/hello_world.dir/pico-sdk/lib/pico-sensor-lib/src/i2c_pct2075.c.o
 .ARM.attributes
                0x00000bc4       0x38 CMakeFiles/hello_world.dir/pico-sdk/lib/pico-sensor-lib/src/i2c_shtc3.c.o
 .ARM.attributes
                0x00000bfc       0x38 CMakeFiles/hello_world.dir/pico-sdk/lib/pico-sensor-lib/src/i2c_sht3x.c.o
 .ARM.attributes
                0x00000c34       0x38 CMakeFiles/hello_world.dir/pico-sdk/lib/pico-sensor-lib/src/i2c_sht4x.c.o
 .ARM.attributes
                0x00000c6c       0x38 CMakeFiles/hello_world.dir/pico-sdk/lib/pico-sensor-lib/src/i2c_si7021.c.o
 .ARM.attributes
                0x00000ca4       0x38 CMakeFiles/hello_world.dir/pico-sdk/lib/pico-sensor-lib/src/i2c_stts22h.c.o
 .ARM.attributes
                0x00000cdc       0x38 CMakeFiles/hello_world.dir/pico-sdk/lib/pico-sensor-lib/src/i2c_tc74.c.o
 .ARM.attributes
                0x00000d14       0x38 CMakeFiles/hello_world.dir/pico-sdk/lib/pico-sensor-lib/src/i2c_tmp102.c.o
 .ARM.attributes
                0x00000d4c       0x38 CMakeFiles/hello_world.dir/pico-sdk/lib/pico-sensor-lib/src/i2c_tmp117.c.o
 .ARM.attributes
                0x00000d84       0x38 CMakeFiles/hello_world.dir/pico-sdk/src/rp2_common/hardware_i2c/i2c.c.o
 .ARM.attributes
                0x00000dbc       0x26 /usr/lib/gcc/arm-none-eabi/13.2.1/thumb/v8-m.main+fp/softfp/libgcc.a(_arm_addsubdf3.o)
 .ARM.attributes
                0x00000de2       0x26 /usr/lib/gcc/arm-none-eabi/13.2.1/thumb/v8-m.main+fp/softfp/libgcc.a(_aeabi_ldivmod.o)
 .ARM.attributes
                0x00000e08       0x26 /usr/lib/gcc/arm-none-eabi/13.2.1/thumb/v8-m.main+fp/softfp/libgcc.a(_aeabi_uldivmod.o)
 .ARM.attributes
                0x00000e2e       0x36 /usr/lib/gcc/arm-none-eabi/13.2.1/thumb/v8-m.main+fp/softfp/libgcc.a(_udivmoddi4.o)
 .ARM.attributes
                0x00000e64       0x26 /usr/lib/gcc/arm-none-eabi/13.2.1/thumb/v8-m.main+fp/softfp/libgcc.a(_dvmd_tls.o)
 .ARM.attributes
                0x00000e8a       0x36 /usr/lib/gcc/arm-none-eabi/13.2.1/../../../arm-none-eabi/lib/thumb/v8-m.main+fp/softfp/libg.a(libc_a-memset.o)
 .ARM.attributes
                0x00000ec0       0x36 /usr/lib/gcc/arm-none-eabi/13.2.1/../../../arm-none-eabi/lib/thumb/v8-m.main+fp/softfp/libg.a(libc_a-strncasecmp.o)
 .ARM.attributes